Config: cuid_count=10240 rows_per_cuid=60000 workload_model=table_active table_assignment=contiguous table_count=512 active_table_count=4 writer_threads_per_table=8 update_rows_per_merge=5000 late_writer_rows_per_merge=0 update_percent=80 rounds=5 active_cuid_percent=50 concurrent_writer_percent=5 writers=32 max_background_jobs=8 max_subcompactions=1 l0_target_tables_per_partition=32 l0_split_factor=1 l0_min_tables_to_split=16 l0_max_partition_count=256 scanners=32 scan_interval_ms=100 scans_per_cuid=200 scan_range_rows=1000 compact_after_write=false enable_partition_override=-1 enable_gdct_override=-1 enable_gdct_delete_fast_path_override=1 enable_gdct_delete_fast_path_skip_duplicate_locks_override=1 archive_log_dir=/ssd2/wx1485003/rocksdb-hust/a_test_tmp/bench_runs/short_20260530_002858 wbs67108864 mode=partition
[partition] opening db at /ssd2/wx1485003/rocksdb-hust/a_test_tmp/bench_runs/short_20260530_002858/db/partition
[partition] db opened
[partition] 1/512 tableids done tableid=2 cuid=21-40 completed_cuids=76/10240
[partition] 2/512 tableids done tableid=4 cuid=61-80 completed_cuids=77/10240
[partition] 3/512 tableids done tableid=3 cuid=41-60 completed_cuids=78/10240
[partition] 4/512 tableids done tableid=1 cuid=1-20 completed_cuids=80/10240
[partition] 5/512 tableids done tableid=8 cuid=141-160 completed_cuids=155/10240
[partition] 6/512 tableids done tableid=5 cuid=81-100 completed_cuids=157/10240
[partition] 7/512 tableids done tableid=6 cuid=101-120 completed_cuids=159/10240
[partition] 8/512 tableids done tableid=7 cuid=121-140 completed_cuids=160/10240
[partition] 9/512 tableids done tableid=9 cuid=161-180 completed_cuids=232/10240
[partition] 10/512 tableids done tableid=12 cuid=221-240 completed_cuids=234/10240
[partition] 11/512 tableids done tableid=10 cuid=181-200 completed_cuids=239/10240
[partition] 12/512 tableids done tableid=11 cuid=201-220 completed_cuids=240/10240
[partition] 13/512 tableids done tableid=13 cuid=241-260 completed_cuids=310/10240
[partition] 14/512 tableids done tableid=16 cuid=301-320 completed_cuids=318/10240
[partition] 15/512 tableids done tableid=15 cuid=281-300 completed_cuids=319/10240
[partition] 16/512 tableids done tableid=14 cuid=261-280 completed_cuids=320/10240
[partition] 17/512 tableids done tableid=17 cuid=321-340 completed_cuids=392/10240
[partition] 18/512 tableids done tableid=20 cuid=381-400 completed_cuids=397/10240
[partition] 19/512 tableids done tableid=19 cuid=361-380 completed_cuids=398/10240
[partition] 20/512 tableids done tableid=18 cuid=341-360 completed_cuids=400/10240
[partition] 21/512 tableids done tableid=21 cuid=401-420 completed_cuids=471/10240
[partition] 22/512 tableids done tableid=23 cuid=441-460 completed_cuids=475/10240
[partition] 23/512 tableids done tableid=22 cuid=421-440 completed_cuids=478/10240
[partition] 24/512 tableids done tableid=24 cuid=461-480 completed_cuids=480/10240
[partition] 25/512 tableids done tableid=25 cuid=481-500 completed_cuids=554/10240
[partition] 26/512 tableids done tableid=28 cuid=541-560 completed_cuids=557/10240
[partition] 27/512 tableids done tableid=26 cuid=501-520 completed_cuids=558/10240
[partition] 28/512 tableids done tableid=27 cuid=521-540 completed_cuids=560/10240
[partition] 29/512 tableids done tableid=31 cuid=601-620 completed_cuids=637/10240
[partition] 30/512 tableids done tableid=29 cuid=561-580 completed_cuids=638/10240
[partition] 31/512 tableids done tableid=30 cuid=581-600 completed_cuids=639/10240
[partition] 32/512 tableids done tableid=32 cuid=621-640 completed_cuids=640/10240
[partition] 33/512 tableids done tableid=36 cuid=701-720 completed_cuids=715/10240
[partition] 34/512 tableids done tableid=34 cuid=661-680 completed_cuids=717/10240
[partition] 35/512 tableids done tableid=33 cuid=641-660 completed_cuids=718/10240
[partition] 36/512 tableids done tableid=35 cuid=681-700 completed_cuids=720/10240
[partition] 37/512 tableids done tableid=37 cuid=721-740 completed_cuids=793/10240
[partition] 38/512 tableids done tableid=39 cuid=761-780 completed_cuids=796/10240
[partition] 39/512 tableids done tableid=38 cuid=741-760 completed_cuids=799/10240
[partition] 40/512 tableids done tableid=40 cuid=781-800 completed_cuids=800/10240
[partition] 41/512 tableids done tableid=42 cuid=821-840 completed_cuids=877/10240
[partition] 42/512 tableids done tableid=44 cuid=861-880 completed_cuids=878/10240
[partition] 43/512 tableids done tableid=43 cuid=841-860 completed_cuids=879/10240
[partition] 44/512 tableids done tableid=41 cuid=801-820 completed_cuids=880/10240
[partition] 45/512 tableids done tableid=46 cuid=901-920 completed_cuids=954/10240
[partition] 46/512 tableids done tableid=45 cuid=881-900 completed_cuids=958/10240
[partition] 47/512 tableids done tableid=47 cuid=921-940 completed_cuids=959/10240
[partition] 48/512 tableids done tableid=48 cuid=941-960 completed_cuids=960/10240
[partition] 49/512 tableids done tableid=49 cuid=961-980 completed_cuids=1031/10240
[partition] 50/512 tableids done tableid=52 cuid=1021-1040 completed_cuids=1035/10240
[partition] 51/512 tableids done tableid=51 cuid=1001-1020 completed_cuids=1038/10240
[partition] 52/512 tableids done tableid=50 cuid=981-1000 completed_cuids=1040/10240
[partition] 53/512 tableids done tableid=56 cuid=1101-1120 completed_cuids=1116/10240
[partition] 54/512 tableids done tableid=53 cuid=1041-1060 completed_cuids=1118/10240
[partition] 55/512 tableids done tableid=55 cuid=1081-1100 completed_cuids=1119/10240
[partition] 56/512 tableids done tableid=54 cuid=1061-1080 completed_cuids=1120/10240
[partition] 57/512 tableids done tableid=58 cuid=1141-1160 completed_cuids=1191/10240
[partition] 58/512 tableids done tableid=57 cuid=1121-1140 completed_cuids=1194/10240
[partition] 59/512 tableids done tableid=59 cuid=1161-1180 completed_cuids=1199/10240
[partition] 60/512 tableids done tableid=60 cuid=1181-1200 completed_cuids=1200/10240
[partition] 61/512 tableids done tableid=61 cuid=1201-1220 completed_cuids=1277/10240
[partition] 62/512 tableids done tableid=63 cuid=1241-1260 completed_cuids=1278/10240
[partition] 63/512 tableids done tableid=64 cuid=1261-1280 completed_cuids=1279/10240
[partition] 64/512 tableids done tableid=62 cuid=1221-1240 completed_cuids=1280/10240
[partition] 65/512 tableids done tableid=68 cuid=1341-1360 completed_cuids=1351/10240
[partition] 66/512 tableids done tableid=67 cuid=1321-1340 completed_cuids=1358/10240
[partition] 67/512 tableids done tableid=65 cuid=1281-1300 completed_cuids=1359/10240
[partition] 68/512 tableids done tableid=66 cuid=1301-1320 completed_cuids=1360/10240
[partition] 69/512 tableids done tableid=69 cuid=1361-1380 completed_cuids=1428/10240
[partition] 70/512 tableids done tableid=71 cuid=1401-1420 completed_cuids=1435/10240
[partition] 71/512 tableids done tableid=70 cuid=1381-1400 completed_cuids=1436/10240
[partition] 72/512 tableids done tableid=72 cuid=1421-1440 completed_cuids=1440/10240
[partition] 73/512 tableids done tableid=73 cuid=1441-1460 completed_cuids=1508/10240
[partition] 74/512 tableids done tableid=74 cuid=1461-1480 completed_cuids=1516/10240
[partition] 75/512 tableids done tableid=76 cuid=1501-1520 completed_cuids=1518/10240
[partition] 76/512 tableids done tableid=75 cuid=1481-1500 completed_cuids=1520/10240
[partition] 77/512 tableids done tableid=77 cuid=1521-1540 completed_cuids=1584/10240
[partition] 78/512 tableids done tableid=78 cuid=1541-1560 completed_cuids=1595/10240
[partition] 79/512 tableids done tableid=79 cuid=1561-1580 completed_cuids=1596/10240
[partition] 80/512 tableids done tableid=80 cuid=1581-1600 completed_cuids=1600/10240
[partition] 81/512 tableids done tableid=81 cuid=1601-1620 completed_cuids=1662/10240
[partition] 82/512 tableids done tableid=83 cuid=1641-1660 completed_cuids=1682/10240
[partition] 83/512 tableids done tableid=84 cuid=1661-1680 completed_cuids=1685/10240
[partition] 84/512 tableids done tableid=82 cuid=1621-1640 completed_cuids=1688/10240
[partition] 85/512 tableids done tableid=85 cuid=1681-1700 completed_cuids=1733/10240
[partition] 86/512 tableids done tableid=86 cuid=1701-1720 completed_cuids=1756/10240
[partition] 87/512 tableids done tableid=87 cuid=1721-1740 completed_cuids=1757/10240
[partition] 88/512 tableids done tableid=88 cuid=1741-1760 completed_cuids=1768/10240
[partition] 89/512 tableids done tableid=89 cuid=1761-1780 completed_cuids=1810/10240
[partition] 90/512 tableids done tableid=90 cuid=1781-1800 completed_cuids=1834/10240
[partition] 91/512 tableids done tableid=92 cuid=1821-1840 completed_cuids=1847/10240
[partition] 92/512 tableids done tableid=91 cuid=1801-1820 completed_cuids=1848/10240
[partition] 93/512 tableids done tableid=93 cuid=1841-1860 completed_cuids=1891/10240
[partition] 94/512 tableids done tableid=94 cuid=1861-1880 completed_cuids=1922/10240
[partition] 95/512 tableids done tableid=95 cuid=1881-1900 completed_cuids=1924/10240
[partition] 96/512 tableids done tableid=96 cuid=1901-1920 completed_cuids=1928/10240
[partition] 97/512 tableids done tableid=97 cuid=1921-1940 completed_cuids=1967/10240
[partition] 98/512 tableids done tableid=99 cuid=1961-1980 completed_cuids=2003/10240
[partition] 99/512 tableids done tableid=98 cuid=1941-1960 completed_cuids=2005/10240
[partition] 100/512 tableids done tableid=100 cuid=1981-2000 completed_cuids=2008/10240
[partition] 101/512 tableids done tableid=101 cuid=2001-2020 completed_cuids=2044/10240
[partition] 102/512 tableids done tableid=104 cuid=2061-2080 completed_cuids=2082/10240
[partition] 103/512 tableids done tableid=103 cuid=2041-2060 completed_cuids=2087/10240
[partition] 104/512 tableids done tableid=102 cuid=2021-2040 completed_cuids=2088/10240
[partition] 105/512 tableids done tableid=105 cuid=2081-2100 completed_cuids=2129/10240
[partition] 106/512 tableids done tableid=106 cuid=2101-2120 completed_cuids=2158/10240
[partition] 107/512 tableids done tableid=107 cuid=2121-2140 completed_cuids=2165/10240
[partition] 108/512 tableids done tableid=108 cuid=2141-2160 completed_cuids=2168/10240
[partition] 109/512 tableids done tableid=109 cuid=2161-2180 completed_cuids=2210/10240
[partition] 110/512 tableids done tableid=110 cuid=2181-2200 completed_cuids=2233/10240
[partition] 111/512 tableids done tableid=111 cuid=2201-2220 completed_cuids=2247/10240
[partition] 112/512 tableids done tableid=112 cuid=2221-2240 completed_cuids=2248/10240
[partition] 113/512 tableids done tableid=113 cuid=2241-2260 completed_cuids=2302/10240
[partition] 114/512 tableids done tableid=114 cuid=2261-2280 completed_cuids=2313/10240
[partition] 115/512 tableids done tableid=115 cuid=2281-2300 completed_cuids=2316/10240
[partition] 116/512 tableids done tableid=116 cuid=2301-2320 completed_cuids=2323/10240
[partition] 117/512 tableids done tableid=117 cuid=2321-2340 completed_cuids=2387/10240
[partition] 118/512 tableids done tableid=118 cuid=2341-2360 completed_cuids=2392/10240
[partition] 119/512 tableids done tableid=119 cuid=2361-2380 completed_cuids=2396/10240
[partition] 120/512 tableids done tableid=120 cuid=2381-2400 completed_cuids=2402/10240
[partition] 121/512 tableids done tableid=122 cuid=2421-2440 completed_cuids=2465/10240
[partition] 122/512 tableids done tableid=121 cuid=2401-2420 completed_cuids=2471/10240
[partition] 123/512 tableids done tableid=123 cuid=2441-2460 completed_cuids=2476/10240
[partition] 124/512 tableids done tableid=124 cuid=2461-2480 completed_cuids=2485/10240
[partition] 125/512 tableids done tableid=125 cuid=2481-2500 completed_cuids=2541/10240
[partition] 126/512 tableids done tableid=126 cuid=2501-2520 completed_cuids=2548/10240
[partition] 127/512 tableids done tableid=127 cuid=2521-2540 completed_cuids=2556/10240
[partition] 128/512 tableids done tableid=128 cuid=2541-2560 completed_cuids=2572/10240
[partition] 129/512 tableids done tableid=129 cuid=2561-2580 completed_cuids=2622/10240
[partition] 130/512 tableids done tableid=130 cuid=2581-2600 completed_cuids=2627/10240
[partition] 131/512 tableids done tableid=131 cuid=2601-2620 completed_cuids=2635/10240
[partition] 132/512 tableids done tableid=132 cuid=2621-2640 completed_cuids=2654/10240
[partition] 133/512 tableids done tableid=135 cuid=2681-2700 completed_cuids=2702/10240
[partition] 134/512 tableids done tableid=133 cuid=2641-2660 completed_cuids=2713/10240
[partition] 135/512 tableids done tableid=134 cuid=2661-2680 completed_cuids=2716/10240
[partition] 136/512 tableids done tableid=136 cuid=2701-2720 completed_cuids=2742/10240
[partition] 137/512 tableids done tableid=138 cuid=2741-2760 completed_cuids=2781/10240
[partition] 138/512 tableids done tableid=137 cuid=2721-2740 completed_cuids=2786/10240
[partition] 139/512 tableids done tableid=139 cuid=2761-2780 completed_cuids=2793/10240
[partition] 140/512 tableids done tableid=140 cuid=2781-2800 completed_cuids=2820/10240
[partition] 141/512 tableids done tableid=141 cuid=2801-2820 completed_cuids=2861/10240
[partition] 142/512 tableids done tableid=142 cuid=2821-2840 completed_cuids=2865/10240
[partition] 143/512 tableids done tableid=143 cuid=2841-2860 completed_cuids=2869/10240
[partition] 144/512 tableids done tableid=144 cuid=2861-2880 completed_cuids=2903/10240
[partition] 145/512 tableids done tableid=145 cuid=2881-2900 completed_cuids=2939/10240
[partition] 146/512 tableids done tableid=146 cuid=2901-2920 completed_cuids=2944/10240
[partition] 147/512 tableids done tableid=147 cuid=2921-2940 completed_cuids=2949/10240
[partition] 148/512 tableids done tableid=148 cuid=2941-2960 completed_cuids=2984/10240
[partition] 149/512 tableids done tableid=149 cuid=2961-2980 completed_cuids=3020/10240
[partition] 150/512 tableids done tableid=150 cuid=2981-3000 completed_cuids=3024/10240
[partition] 151/512 tableids done tableid=151 cuid=3001-3020 completed_cuids=3034/10240
[partition] 152/512 tableids done tableid=152 cuid=3021-3040 completed_cuids=3065/10240
[partition] 153/512 tableids done tableid=153 cuid=3041-3060 completed_cuids=3099/10240
[partition] 154/512 tableids done tableid=154 cuid=3061-3080 completed_cuids=3104/10240
[partition] 155/512 tableids done tableid=155 cuid=3081-3100 completed_cuids=3110/10240
[partition] 156/512 tableids done tableid=156 cuid=3101-3120 completed_cuids=3143/10240
[partition] 157/512 tableids done tableid=157 cuid=3121-3140 completed_cuids=3181/10240
[partition] 158/512 tableids done tableid=158 cuid=3141-3160 completed_cuids=3184/10240
[partition] 159/512 tableids done tableid=159 cuid=3161-3180 completed_cuids=3192/10240
[partition] 160/512 tableids done tableid=160 cuid=3181-3200 completed_cuids=3220/10240
[partition] 161/512 tableids done tableid=161 cuid=3201-3220 completed_cuids=3262/10240
[partition] 162/512 tableids done tableid=162 cuid=3221-3240 completed_cuids=3267/10240
[partition] 163/512 tableids done tableid=163 cuid=3241-3260 completed_cuids=3275/10240
[partition] 164/512 tableids done tableid=164 cuid=3261-3280 completed_cuids=3302/10240
[partition] 165/512 tableids done tableid=165 cuid=3281-3300 completed_cuids=3340/10240
[partition] 166/512 tableids done tableid=166 cuid=3301-3320 completed_cuids=3344/10240
[partition] 167/512 tableids done tableid=167 cuid=3321-3340 completed_cuids=3351/10240
[partition] 168/512 tableids done tableid=168 cuid=3341-3360 completed_cuids=3380/10240
[partition] 169/512 tableids done tableid=170 cuid=3381-3400 completed_cuids=3423/10240
[partition] 170/512 tableids done tableid=169 cuid=3361-3380 completed_cuids=3425/10240
[partition] 171/512 tableids done tableid=171 cuid=3401-3420 completed_cuids=3435/10240
[partition] 172/512 tableids done tableid=172 cuid=3421-3440 completed_cuids=3458/10240
[partition] 173/512 tableids done tableid=173 cuid=3441-3460 completed_cuids=3504/10240
[partition] 174/512 tableids done tableid=174 cuid=3461-3480 completed_cuids=3506/10240
[partition] 175/512 tableids done tableid=175 cuid=3481-3500 completed_cuids=3515/10240
[partition] 176/512 tableids done tableid=176 cuid=3501-3520 completed_cuids=3542/10240
[partition] 177/512 tableids done tableid=179 cuid=3561-3580 completed_cuids=3588/10240
[partition] 178/512 tableids done tableid=178 cuid=3541-3560 completed_cuids=3595/10240
[partition] 179/512 tableids done tableid=177 cuid=3521-3540 completed_cuids=3596/10240
[partition] 180/512 tableids done tableid=180 cuid=3581-3600 completed_cuids=3602/10240
[partition] 181/512 tableids done tableid=181 cuid=3601-3620 completed_cuids=3669/10240
[partition] 182/512 tableids done tableid=182 cuid=3621-3640 completed_cuids=3674/10240
[partition] 183/512 tableids done tableid=183 cuid=3641-3660 completed_cuids=3676/10240
[partition] 184/512 tableids done tableid=184 cuid=3661-3680 completed_cuids=3683/10240
[partition] 185/512 tableids done tableid=185 cuid=3681-3700 completed_cuids=3748/10240
[partition] 186/512 tableids done tableid=187 cuid=3721-3740 completed_cuids=3755/10240
[partition] 187/512 tableids done tableid=186 cuid=3701-3720 completed_cuids=3756/10240
[partition] 188/512 tableids done tableid=188 cuid=3741-3760 completed_cuids=3766/10240
[partition] 189/512 tableids done tableid=190 cuid=3781-3800 completed_cuids=3829/10240
[partition] 190/512 tableids done tableid=191 cuid=3801-3820 completed_cuids=3832/10240
[partition] 191/512 tableids done tableid=189 cuid=3761-3780 completed_cuids=3835/10240
[partition] 192/512 tableids done tableid=192 cuid=3821-3840 completed_cuids=3847/10240
[partition] 193/512 tableids done tableid=193 cuid=3841-3860 completed_cuids=3909/10240
[partition] 194/512 tableids done tableid=195 cuid=3881-3900 completed_cuids=3913/10240
[partition] 195/512 tableids done tableid=194 cuid=3861-3880 completed_cuids=3915/10240
[partition] 196/512 tableids done tableid=196 cuid=3901-3920 completed_cuids=3920/10240
[partition] 197/512 tableids done tableid=197 cuid=3921-3940 completed_cuids=3985/10240
[partition] 198/512 tableids done tableid=198 cuid=3941-3960 completed_cuids=3994/10240
[partition] 199/512 tableids done tableid=199 cuid=3961-3980 completed_cuids=3995/10240
[partition] 200/512 tableids done tableid=200 cuid=3981-4000 completed_cuids=4006/10240
[partition] 201/512 tableids done tableid=203 cuid=4041-4060 completed_cuids=4073/10240
[partition] 202/512 tableids done tableid=201 cuid=4001-4020 completed_cuids=4074/10240
[partition] 203/512 tableids done tableid=202 cuid=4021-4040 completed_cuids=4076/10240
[partition] 204/512 tableids done tableid=204 cuid=4061-4080 completed_cuids=4080/10240
[partition] 205/512 tableids done tableid=205 cuid=4081-4100 completed_cuids=4150/10240
[partition] 206/512 tableids done tableid=206 cuid=4101-4120 completed_cuids=4155/10240
[partition] 207/512 tableids done tableid=207 cuid=4121-4140 completed_cuids=4156/10240
[partition] 208/512 tableids done tableid=208 cuid=4141-4160 completed_cuids=4160/10240
[partition] 209/512 tableids done tableid=210 cuid=4181-4200 completed_cuids=4231/10240
[partition] 210/512 tableids done tableid=209 cuid=4161-4180 completed_cuids=4233/10240
[partition] 211/512 tableids done tableid=211 cuid=4201-4220 completed_cuids=4236/10240
[partition] 212/512 tableids done tableid=212 cuid=4221-4240 completed_cuids=4240/10240
[partition] 213/512 tableids done tableid=215 cuid=4281-4300 completed_cuids=4314/10240
[partition] 214/512 tableids done tableid=214 cuid=4261-4280 completed_cuids=4315/10240
[partition] 215/512 tableids done tableid=216 cuid=4301-4320 completed_cuids=4319/10240
[partition] 216/512 tableids done tableid=213 cuid=4241-4260 completed_cuids=4320/10240
[partition] 217/512 tableids done tableid=220 cuid=4381-4400 completed_cuids=4396/10240
[partition] 218/512 tableids done tableid=219 cuid=4361-4380 completed_cuids=4398/10240
[partition] 219/512 tableids done tableid=218 cuid=4341-4360 completed_cuids=4399/10240
[partition] 220/512 tableids done tableid=217 cuid=4321-4340 completed_cuids=4400/10240
[partition] 221/512 tableids done tableid=222 cuid=4421-4440 completed_cuids=4470/10240
[partition] 222/512 tableids done tableid=224 cuid=4461-4480 completed_cuids=4474/10240
[partition] 223/512 tableids done tableid=223 cuid=4441-4460 completed_cuids=4479/10240
[partition] 224/512 tableids done tableid=221 cuid=4401-4420 completed_cuids=4480/10240
[partition] 225/512 tableids done tableid=225 cuid=4481-4500 completed_cuids=4548/10240
[partition] 226/512 tableids done tableid=226 cuid=4501-4520 completed_cuids=4557/10240
[partition] 227/512 tableids done tableid=228 cuid=4541-4560 completed_cuids=4559/10240
[partition] 228/512 tableids done tableid=227 cuid=4521-4540 completed_cuids=4560/10240
[partition] 229/512 tableids done tableid=230 cuid=4581-4600 completed_cuids=4631/10240
[partition] 230/512 tableids done tableid=229 cuid=4561-4580 completed_cuids=4636/10240
[partition] 231/512 tableids done tableid=231 cuid=4601-4620 completed_cuids=4639/10240
[partition] 232/512 tableids done tableid=232 cuid=4621-4640 completed_cuids=4640/10240
[partition] 233/512 tableids done tableid=233 cuid=4641-4660 completed_cuids=4715/10240
[partition] 234/512 tableids done tableid=235 cuid=4681-4700 completed_cuids=4717/10240
[partition] 235/512 tableids done tableid=236 cuid=4701-4720 completed_cuids=4718/10240
[partition] 236/512 tableids done tableid=234 cuid=4661-4680 completed_cuids=4720/10240
[partition] 237/512 tableids done tableid=237 cuid=4721-4740 completed_cuids=4790/10240
[partition] 238/512 tableids done tableid=240 cuid=4781-4800 completed_cuids=4797/10240
[partition] 239/512 tableids done tableid=239 cuid=4761-4780 completed_cuids=4799/10240
[partition] 240/512 tableids done tableid=238 cuid=4741-4760 completed_cuids=4800/10240
[partition] 241/512 tableids done tableid=242 cuid=4821-4840 completed_cuids=4871/10240
[partition] 242/512 tableids done tableid=241 cuid=4801-4820 completed_cuids=4876/10240
[partition] 243/512 tableids done tableid=244 cuid=4861-4880 completed_cuids=4879/10240
[partition] 244/512 tableids done tableid=243 cuid=4841-4860 completed_cuids=4880/10240
[partition] 245/512 tableids done tableid=245 cuid=4881-4900 completed_cuids=4951/10240
[partition] 246/512 tableids done tableid=246 cuid=4901-4920 completed_cuids=4955/10240
[partition] 247/512 tableids done tableid=247 cuid=4921-4940 completed_cuids=4959/10240
[partition] 248/512 tableids done tableid=248 cuid=4941-4960 completed_cuids=4960/10240
[partition] 249/512 tableids done tableid=249 cuid=4961-4980 completed_cuids=5033/10240
[partition] 250/512 tableids done tableid=251 cuid=5001-5020 completed_cuids=5038/10240
[partition] 251/512 tableids done tableid=252 cuid=5021-5040 completed_cuids=5039/10240
[partition] 252/512 tableids done tableid=250 cuid=4981-5000 completed_cuids=5040/10240
[partition] 253/512 tableids done tableid=253 cuid=5041-5060 completed_cuids=5114/10240
[partition] 254/512 tableids done tableid=255 cuid=5081-5100 completed_cuids=5118/10240
[partition] 255/512 tableids done tableid=254 cuid=5061-5080 completed_cuids=5119/10240
[partition] 256/512 tableids done tableid=256 cuid=5101-5120 completed_cuids=5120/10240
[partition] 257/512 tableids done tableid=257 cuid=5121-5140 completed_cuids=5190/10240
[partition] 258/512 tableids done tableid=258 cuid=5141-5160 completed_cuids=5197/10240
[partition] 259/512 tableids done tableid=260 cuid=5181-5200 completed_cuids=5199/10240
[partition] 260/512 tableids done tableid=259 cuid=5161-5180 completed_cuids=5200/10240
[partition] 261/512 tableids done tableid=261 cuid=5201-5220 completed_cuids=5268/10240
[partition] 262/512 tableids done tableid=262 cuid=5221-5240 completed_cuids=5274/10240
[partition] 263/512 tableids done tableid=264 cuid=5261-5280 completed_cuids=5279/10240
[partition] 264/512 tableids done tableid=263 cuid=5241-5260 completed_cuids=5280/10240
[partition] 265/512 tableids done tableid=265 cuid=5281-5300 completed_cuids=5348/10240
[partition] 266/512 tableids done tableid=267 cuid=5321-5340 completed_cuids=5355/10240
[partition] 267/512 tableids done tableid=268 cuid=5341-5360 completed_cuids=5362/10240
[partition] 268/512 tableids done tableid=266 cuid=5301-5320 completed_cuids=5364/10240
[partition] 269/512 tableids done tableid=269 cuid=5361-5380 completed_cuids=5426/10240
[partition] 270/512 tableids done tableid=270 cuid=5381-5400 completed_cuids=5433/10240
[partition] 271/512 tableids done tableid=271 cuid=5401-5420 completed_cuids=5441/10240
[partition] 272/512 tableids done tableid=272 cuid=5421-5440 completed_cuids=5446/10240
[partition] 273/512 tableids done tableid=273 cuid=5441-5460 completed_cuids=5503/10240
[partition] 274/512 tableids done tableid=274 cuid=5461-5480 completed_cuids=5514/10240
[partition] 275/512 tableids done tableid=275 cuid=5481-5500 completed_cuids=5521/10240
[partition] 276/512 tableids done tableid=276 cuid=5501-5520 completed_cuids=5523/10240
[partition] 277/512 tableids done tableid=277 cuid=5521-5540 completed_cuids=5582/10240
[partition] 278/512 tableids done tableid=278 cuid=5541-5560 completed_cuids=5595/10240
[partition] 279/512 tableids done tableid=279 cuid=5561-5580 completed_cuids=5599/10240
[partition] 280/512 tableids done tableid=280 cuid=5581-5600 completed_cuids=5608/10240
[partition] 281/512 tableids done tableid=281 cuid=5601-5620 completed_cuids=5659/10240
[partition] 282/512 tableids done tableid=282 cuid=5621-5640 completed_cuids=5674/10240
[partition] 283/512 tableids done tableid=283 cuid=5641-5660 completed_cuids=5681/10240
[partition] 284/512 tableids done tableid=284 cuid=5661-5680 completed_cuids=5688/10240
[partition] 285/512 tableids done tableid=285 cuid=5681-5700 completed_cuids=5736/10240
[partition] 286/512 tableids done tableid=286 cuid=5701-5720 completed_cuids=5752/10240
[partition] 287/512 tableids done tableid=287 cuid=5721-5740 completed_cuids=5764/10240
[partition] 288/512 tableids done tableid=288 cuid=5741-5760 completed_cuids=5766/10240
[partition] 289/512 tableids done tableid=289 cuid=5761-5780 completed_cuids=5809/10240
[partition] 290/512 tableids done tableid=290 cuid=5781-5800 completed_cuids=5832/10240
[partition] 291/512 tableids done tableid=292 cuid=5821-5840 completed_cuids=5845/10240
[partition] 292/512 tableids done tableid=291 cuid=5801-5820 completed_cuids=5848/10240
[partition] 293/512 tableids done tableid=293 cuid=5841-5860 completed_cuids=5894/10240
[partition] 294/512 tableids done tableid=294 cuid=5861-5880 completed_cuids=5917/10240
[partition] 295/512 tableids done tableid=296 cuid=5901-5920 completed_cuids=5927/10240
[partition] 296/512 tableids done tableid=295 cuid=5881-5900 completed_cuids=5928/10240
[partition] 297/512 tableids done tableid=297 cuid=5921-5940 completed_cuids=5976/10240
[partition] 298/512 tableids done tableid=298 cuid=5941-5960 completed_cuids=5995/10240
[partition] 299/512 tableids done tableid=300 cuid=5981-6000 completed_cuids=5998/10240
[partition] 300/512 tableids done tableid=299 cuid=5961-5980 completed_cuids=6008/10240
[partition] 301/512 tableids done tableid=301 cuid=6001-6020 completed_cuids=6059/10240
[partition] 302/512 tableids done tableid=302 cuid=6021-6040 completed_cuids=6074/10240
[partition] 303/512 tableids done tableid=303 cuid=6041-6060 completed_cuids=6080/10240
[partition] 304/512 tableids done tableid=304 cuid=6061-6080 completed_cuids=6082/10240
[partition] 305/512 tableids done tableid=305 cuid=6081-6100 completed_cuids=6144/10240
[partition] 306/512 tableids done tableid=306 cuid=6101-6120 completed_cuids=6152/10240
[partition] 307/512 tableids done tableid=307 cuid=6121-6140 completed_cuids=6156/10240
[partition] 308/512 tableids done tableid=308 cuid=6141-6160 completed_cuids=6167/10240
[partition] 309/512 tableids done tableid=309 cuid=6161-6180 completed_cuids=6229/10240
[partition] 310/512 tableids done tableid=310 cuid=6181-6200 completed_cuids=6233/10240
[partition] 311/512 tableids done tableid=311 cuid=6201-6220 completed_cuids=6236/10240
[partition] 312/512 tableids done tableid=312 cuid=6221-6240 completed_cuids=6248/10240
[partition] 313/512 tableids done tableid=314 cuid=6261-6280 completed_cuids=6312/10240
[partition] 314/512 tableids done tableid=315 cuid=6281-6300 completed_cuids=6314/10240
[partition] 315/512 tableids done tableid=313 cuid=6241-6260 completed_cuids=6316/10240
[partition] 316/512 tableids done tableid=316 cuid=6301-6320 completed_cuids=6324/10240
[partition] 317/512 tableids done tableid=319 cuid=6361-6380 completed_cuids=6391/10240
[partition] 318/512 tableids done tableid=318 cuid=6341-6360 completed_cuids=6394/10240
[partition] 319/512 tableids done tableid=317 cuid=6321-6340 completed_cuids=6395/10240
[partition] 320/512 tableids done tableid=320 cuid=6381-6400 completed_cuids=6400/10240
[partition] 321/512 tableids done tableid=321 cuid=6401-6420 completed_cuids=6469/10240
[partition] 322/512 tableids done tableid=322 cuid=6421-6440 completed_cuids=6475/10240
[partition] 323/512 tableids done tableid=323 cuid=6441-6460 completed_cuids=6476/10240
[partition] 324/512 tableids done tableid=324 cuid=6461-6480 completed_cuids=6480/10240
[partition] 325/512 tableids done tableid=325 cuid=6481-6500 completed_cuids=6550/10240
[partition] 326/512 tableids done tableid=327 cuid=6521-6540 completed_cuids=6553/10240
[partition] 327/512 tableids done tableid=326 cuid=6501-6520 completed_cuids=6556/10240
[partition] 328/512 tableids done tableid=328 cuid=6541-6560 completed_cuids=6560/10240
[partition] 329/512 tableids done tableid=331 cuid=6601-6620 completed_cuids=6630/10240
[partition] 330/512 tableids done tableid=329 cuid=6561-6580 completed_cuids=6635/10240
[partition] 331/512 tableids done tableid=330 cuid=6581-6600 completed_cuids=6636/10240
[partition] 332/512 tableids done tableid=332 cuid=6621-6640 completed_cuids=6650/10240
[partition] 333/512 tableids done tableid=333 cuid=6641-6660 completed_cuids=6712/10240
[partition] 334/512 tableids done tableid=334 cuid=6661-6680 completed_cuids=6714/10240
[partition] 335/512 tableids done tableid=335 cuid=6681-6700 completed_cuids=6716/10240
[partition] 336/512 tableids done tableid=336 cuid=6701-6720 completed_cuids=6720/10240
[partition] 337/512 tableids done tableid=337 cuid=6721-6740 completed_cuids=6788/10240
[partition] 338/512 tableids done tableid=339 cuid=6761-6780 completed_cuids=6795/10240
[partition] 339/512 tableids done tableid=338 cuid=6741-6760 completed_cuids=6796/10240
[partition] 340/512 tableids done tableid=340 cuid=6781-6800 completed_cuids=6803/10240
[partition] 341/512 tableids done tableid=341 cuid=6801-6820 completed_cuids=6869/10240
[partition] 342/512 tableids done tableid=342 cuid=6821-6840 completed_cuids=6874/10240
[partition] 343/512 tableids done tableid=343 cuid=6841-6860 completed_cuids=6876/10240
[partition] 344/512 tableids done tableid=344 cuid=6861-6880 completed_cuids=6880/10240
[partition] 345/512 tableids done tableid=345 cuid=6881-6900 completed_cuids=6948/10240
[partition] 346/512 tableids done tableid=346 cuid=6901-6920 completed_cuids=6955/10240
[partition] 347/512 tableids done tableid=347 cuid=6921-6940 completed_cuids=6956/10240
[partition] 348/512 tableids done tableid=348 cuid=6941-6960 completed_cuids=6973/10240
[partition] 349/512 tableids done tableid=349 cuid=6961-6980 completed_cuids=7025/10240
[partition] 350/512 tableids done tableid=351 cuid=7001-7020 completed_cuids=7031/10240
[partition] 351/512 tableids done tableid=350 cuid=6981-7000 completed_cuids=7035/10240
[partition] 352/512 tableids done tableid=352 cuid=7021-7040 completed_cuids=7053/10240
[partition] 353/512 tableids done tableid=353 cuid=7041-7060 completed_cuids=7102/10240
[partition] 354/512 tableids done tableid=355 cuid=7081-7100 completed_cuids=7112/10240
[partition] 355/512 tableids done tableid=354 cuid=7061-7080 completed_cuids=7115/10240
[partition] 356/512 tableids done tableid=356 cuid=7101-7120 completed_cuids=7140/10240
[partition] 357/512 tableids done tableid=357 cuid=7121-7140 completed_cuids=7182/10240
[partition] 358/512 tableids done tableid=358 cuid=7141-7160 completed_cuids=7185/10240
[partition] 359/512 tableids done tableid=359 cuid=7161-7180 completed_cuids=7193/10240
[partition] 360/512 tableids done tableid=360 cuid=7181-7200 completed_cuids=7214/10240
[partition] 361/512 tableids done tableid=361 cuid=7201-7220 completed_cuids=7260/10240
[partition] 362/512 tableids done tableid=362 cuid=7221-7240 completed_cuids=7267/10240
[partition] 363/512 tableids done tableid=363 cuid=7241-7260 completed_cuids=7276/10240
[partition] 364/512 tableids done tableid=364 cuid=7261-7280 completed_cuids=7294/10240
[partition] 365/512 tableids done tableid=365 cuid=7281-7300 completed_cuids=7345/10240
[partition] 366/512 tableids done tableid=366 cuid=7301-7320 completed_cuids=7348/10240
[partition] 367/512 tableids done tableid=367 cuid=7321-7340 completed_cuids=7356/10240
[partition] 368/512 tableids done tableid=368 cuid=7341-7360 completed_cuids=7369/10240
[partition] 369/512 tableids done tableid=369 cuid=7361-7380 completed_cuids=7421/10240
[partition] 370/512 tableids done tableid=371 cuid=7401-7420 completed_cuids=7434/10240
[partition] 371/512 tableids done tableid=370 cuid=7381-7400 completed_cuids=7436/10240
[partition] 372/512 tableids done tableid=372 cuid=7421-7440 completed_cuids=7455/10240
[partition] 373/512 tableids done tableid=373 cuid=7441-7460 completed_cuids=7502/10240
[partition] 374/512 tableids done tableid=374 cuid=7461-7480 completed_cuids=7515/10240
[partition] 375/512 tableids done tableid=375 cuid=7481-7500 completed_cuids=7516/10240
[partition] 376/512 tableids done tableid=376 cuid=7501-7520 completed_cuids=7539/10240
[partition] 377/512 tableids done tableid=377 cuid=7521-7540 completed_cuids=7580/10240
[partition] 378/512 tableids done tableid=378 cuid=7541-7560 completed_cuids=7589/10240
[partition] 379/512 tableids done tableid=379 cuid=7561-7580 completed_cuids=7594/10240
[partition] 380/512 tableids done tableid=380 cuid=7581-7600 completed_cuids=7616/10240
[partition] 381/512 tableids done tableid=381 cuid=7601-7620 completed_cuids=7659/10240
[partition] 382/512 tableids done tableid=382 cuid=7621-7640 completed_cuids=7672/10240
[partition] 383/512 tableids done tableid=383 cuid=7641-7660 completed_cuids=7680/10240
[partition] 384/512 tableids done tableid=384 cuid=7661-7680 completed_cuids=7702/10240
[partition] 385/512 tableids done tableid=385 cuid=7681-7700 completed_cuids=7723/10240
[partition] 386/512 tableids done tableid=386 cuid=7701-7720 completed_cuids=7756/10240
[partition] 387/512 tableids done tableid=387 cuid=7721-7740 completed_cuids=7763/10240
[partition] 388/512 tableids done tableid=388 cuid=7741-7760 completed_cuids=7771/10240
[partition] 389/512 tableids done tableid=389 cuid=7761-7780 completed_cuids=7814/10240
[partition] 390/512 tableids done tableid=391 cuid=7801-7820 completed_cuids=7833/10240
[partition] 391/512 tableids done tableid=390 cuid=7781-7800 completed_cuids=7842/10240
[partition] 392/512 tableids done tableid=392 cuid=7821-7840 completed_cuids=7849/10240
[partition] 393/512 tableids done tableid=393 cuid=7841-7860 completed_cuids=7891/10240
[partition] 394/512 tableids done tableid=395 cuid=7881-7900 completed_cuids=7913/10240
[partition] 395/512 tableids done tableid=394 cuid=7861-7880 completed_cuids=7921/10240
[partition] 396/512 tableids done tableid=396 cuid=7901-7920 completed_cuids=7943/10240
[partition] 397/512 tableids done tableid=397 cuid=7921-7940 completed_cuids=7961/10240
[partition] 398/512 tableids done tableid=398 cuid=7941-7960 completed_cuids=7988/10240
[partition] 399/512 tableids done tableid=399 cuid=7961-7980 completed_cuids=8003/10240
[partition] 400/512 tableids done tableid=400 cuid=7981-8000 completed_cuids=8017/10240
[partition] 401/512 tableids done tableid=401 cuid=8001-8020 completed_cuids=8042/10240
[partition] 402/512 tableids done tableid=402 cuid=8021-8040 completed_cuids=8078/10240
[partition] 403/512 tableids done tableid=403 cuid=8041-8060 completed_cuids=8084/10240
[partition] 404/512 tableids done tableid=404 cuid=8061-8080 completed_cuids=8093/10240
[partition] 405/512 tableids done tableid=405 cuid=8081-8100 completed_cuids=8123/10240
[partition] 406/512 tableids done tableid=406 cuid=8101-8120 completed_cuids=8153/10240
[partition] 407/512 tableids done tableid=407 cuid=8121-8140 completed_cuids=8162/10240
[partition] 408/512 tableids done tableid=408 cuid=8141-8160 completed_cuids=8180/10240
[partition] 409/512 tableids done tableid=409 cuid=8161-8180 completed_cuids=8203/10240
[partition] 410/512 tableids done tableid=410 cuid=8181-8200 completed_cuids=8227/10240
[partition] 411/512 tableids done tableid=411 cuid=8201-8220 completed_cuids=8244/10240
[partition] 412/512 tableids done tableid=412 cuid=8221-8240 completed_cuids=8268/10240
[partition] 413/512 tableids done tableid=413 cuid=8241-8260 completed_cuids=8281/10240
[partition] 414/512 tableids done tableid=414 cuid=8261-8280 completed_cuids=8304/10240
[partition] 415/512 tableids done tableid=415 cuid=8281-8300 completed_cuids=8322/10240
[partition] 416/512 tableids done tableid=416 cuid=8301-8320 completed_cuids=8349/10240
[partition] 417/512 tableids done tableid=417 cuid=8321-8340 completed_cuids=8362/10240
[partition] 418/512 tableids done tableid=418 cuid=8341-8360 completed_cuids=8386/10240
[partition] 419/512 tableids done tableid=419 cuid=8361-8380 completed_cuids=8395/10240
[partition] 420/512 tableids done tableid=420 cuid=8381-8400 completed_cuids=8431/10240
[partition] 421/512 tableids done tableid=421 cuid=8401-8420 completed_cuids=8444/10240
[partition] 422/512 tableids done tableid=422 cuid=8421-8440 completed_cuids=8468/10240
[partition] 423/512 tableids done tableid=423 cuid=8441-8460 completed_cuids=8480/10240
[partition] 424/512 tableids done tableid=424 cuid=8461-8480 completed_cuids=8494/10240
[partition] 425/512 tableids done tableid=425 cuid=8481-8500 completed_cuids=8526/10240
[partition] 426/512 tableids done tableid=426 cuid=8501-8520 completed_cuids=8552/10240
[partition] 427/512 tableids done tableid=427 cuid=8521-8540 completed_cuids=8563/10240
[partition] 428/512 tableids done tableid=428 cuid=8541-8560 completed_cuids=8568/10240
[partition] 429/512 tableids done tableid=429 cuid=8561-8580 completed_cuids=8614/10240
[partition] 430/512 tableids done tableid=430 cuid=8581-8600 completed_cuids=8633/10240
[partition] 431/512 tableids done tableid=431 cuid=8601-8620 completed_cuids=8636/10240
[partition] 432/512 tableids done tableid=432 cuid=8621-8640 completed_cuids=8648/10240
[partition] 433/512 tableids done tableid=433 cuid=8641-8660 completed_cuids=8697/10240
[partition] 434/512 tableids done tableid=434 cuid=8661-8680 completed_cuids=8713/10240
[partition] 435/512 tableids done tableid=436 cuid=8701-8720 completed_cuids=8727/10240
[partition] 436/512 tableids done tableid=435 cuid=8681-8700 completed_cuids=8728/10240
[partition] 437/512 tableids done tableid=437 cuid=8721-8740 completed_cuids=8785/10240
[partition] 438/512 tableids done tableid=438 cuid=8741-8760 completed_cuids=8793/10240
[partition] 439/512 tableids done tableid=440 cuid=8781-8800 completed_cuids=8797/10240
[partition] 440/512 tableids done tableid=439 cuid=8761-8780 completed_cuids=8804/10240
[partition] 441/512 tableids done tableid=441 cuid=8801-8820 completed_cuids=8862/10240
[partition] 442/512 tableids done tableid=443 cuid=8841-8860 completed_cuids=8876/10240
[partition] 443/512 tableids done tableid=442 cuid=8821-8840 completed_cuids=8886/10240
[partition] 444/512 tableids done tableid=444 cuid=8861-8880 completed_cuids=8888/10240
[partition] 445/512 tableids done tableid=445 cuid=8881-8900 completed_cuids=8930/10240
[partition] 446/512 tableids done tableid=446 cuid=8901-8920 completed_cuids=8954/10240
[partition] 447/512 tableids done tableid=447 cuid=8921-8940 completed_cuids=8964/10240
[partition] 448/512 tableids done tableid=448 cuid=8941-8960 completed_cuids=8968/10240
[partition] 449/512 tableids done tableid=449 cuid=8961-8980 completed_cuids=9016/10240
[partition] 450/512 tableids done tableid=451 cuid=9001-9020 completed_cuids=9036/10240
[partition] 451/512 tableids done tableid=450 cuid=8981-9000 completed_cuids=9037/10240
[partition] 452/512 tableids done tableid=452 cuid=9021-9040 completed_cuids=9047/10240
[partition] 453/512 tableids done tableid=453 cuid=9041-9060 completed_cuids=9106/10240
[partition] 454/512 tableids done tableid=454 cuid=9061-9080 completed_cuids=9119/10240
[partition] 455/512 tableids done tableid=456 cuid=9101-9120 completed_cuids=9121/10240
[partition] 456/512 tableids done tableid=455 cuid=9081-9100 completed_cuids=9123/10240
[partition] 457/512 tableids done tableid=457 cuid=9121-9140 completed_cuids=9176/10240
[partition] 458/512 tableids done tableid=458 cuid=9141-9160 completed_cuids=9198/10240
[partition] 459/512 tableids done tableid=460 cuid=9181-9200 completed_cuids=9199/10240
[partition] 460/512 tableids done tableid=459 cuid=9161-9180 completed_cuids=9204/10240
[partition] 461/512 tableids done tableid=461 cuid=9201-9220 completed_cuids=9260/10240
[partition] 462/512 tableids done tableid=462 cuid=9221-9240 completed_cuids=9272/10240
[partition] 463/512 tableids done tableid=464 cuid=9261-9280 completed_cuids=9278/10240
[partition] 464/512 tableids done tableid=463 cuid=9241-9260 completed_cuids=9282/10240
[partition] 465/512 tableids done tableid=465 cuid=9281-9300 completed_cuids=9346/10240
[partition] 466/512 tableids done tableid=466 cuid=9301-9320 completed_cuids=9356/10240
[partition] 467/512 tableids done tableid=467 cuid=9321-9340 completed_cuids=9359/10240
[partition] 468/512 tableids done tableid=468 cuid=9341-9360 completed_cuids=9362/10240
[partition] 469/512 tableids done tableid=469 cuid=9361-9380 completed_cuids=9429/10240
[partition] 470/512 tableids done tableid=472 cuid=9421-9440 completed_cuids=9435/10240
[partition] 471/512 tableids done tableid=471 cuid=9401-9420 completed_cuids=9441/10240
[partition] 472/512 tableids done tableid=470 cuid=9381-9400 completed_cuids=9442/10240
[partition] 473/512 tableids done tableid=473 cuid=9441-9460 completed_cuids=9498/10240
[partition] 474/512 tableids done tableid=474 cuid=9461-9480 completed_cuids=9516/10240
[partition] 475/512 tableids done tableid=476 cuid=9501-9520 completed_cuids=9520/10240
[partition] 476/512 tableids done tableid=475 cuid=9481-9500 completed_cuids=9522/10240
[partition] 477/512 tableids done tableid=477 cuid=9521-9540 completed_cuids=9588/10240
[partition] 478/512 tableids done tableid=479 cuid=9561-9580 completed_cuids=9602/10240
[partition] 479/512 tableids done tableid=480 cuid=9581-9600 completed_cuids=9603/10240
[partition] 480/512 tableids done tableid=478 cuid=9541-9560 completed_cuids=9607/10240
[partition] 481/512 tableids done tableid=481 cuid=9601-9620 completed_cuids=9660/10240
[partition] 482/512 tableids done tableid=483 cuid=9641-9660 completed_cuids=9677/10240
[partition] 483/512 tableids done tableid=482 cuid=9621-9640 completed_cuids=9680/10240
[partition] 484/512 tableids done tableid=484 cuid=9661-9680 completed_cuids=9682/10240
[partition] 485/512 tableids done tableid=485 cuid=9681-9700 completed_cuids=9746/10240
[partition] 486/512 tableids done tableid=486 cuid=9701-9720 completed_cuids=9761/10240
[partition] 487/512 tableids done tableid=488 cuid=9741-9760 completed_cuids=9763/10240
[partition] 488/512 tableids done tableid=487 cuid=9721-9740 completed_cuids=9765/10240
[partition] 489/512 tableids done tableid=489 cuid=9761-9780 completed_cuids=9805/10240
[partition] 490/512 tableids done tableid=492 cuid=9821-9840 completed_cuids=9845/10240
[partition] 491/512 tableids done tableid=491 cuid=9801-9820 completed_cuids=9847/10240
[partition] 492/512 tableids done tableid=490 cuid=9781-9800 completed_cuids=9848/10240
[partition] 493/512 tableids done tableid=493 cuid=9841-9860 completed_cuids=9893/10240
[partition] 494/512 tableids done tableid=494 cuid=9861-9880 completed_cuids=9922/10240
[partition] 495/512 tableids done tableid=496 cuid=9901-9920 completed_cuids=9926/10240
[partition] 496/512 tableids done tableid=495 cuid=9881-9900 completed_cuids=9928/10240
[partition] 497/512 tableids done tableid=497 cuid=9921-9940 completed_cuids=9972/10240
[partition] 498/512 tableids done tableid=500 cuid=9981-10000 completed_cuids=9995/10240
[partition] 499/512 tableids done tableid=498 cuid=9941-9960 completed_cuids=10000/10240
[partition] 500/512 tableids done tableid=499 cuid=9961-9980 completed_cuids=10007/10240
[partition] 501/512 tableids done tableid=501 cuid=10001-10020 completed_cuids=10058/10240
[partition] 502/512 tableids done tableid=502 cuid=10021-10040 completed_cuids=10072/10240
[partition] 503/512 tableids done tableid=503 cuid=10041-10060 completed_cuids=10078/10240
[partition] 504/512 tableids done tableid=504 cuid=10061-10080 completed_cuids=10088/10240
[partition] 505/512 tableids done tableid=505 cuid=10081-10100 completed_cuids=10148/10240
[partition] 506/512 tableids done tableid=506 cuid=10101-10120 completed_cuids=10152/10240
[partition] 507/512 tableids done tableid=507 cuid=10121-10140 completed_cuids=10160/10240
[partition] 508/512 tableids done tableid=508 cuid=10141-10160 completed_cuids=10161/10240
[partition] 509/512 tableids done tableid=509 cuid=10161-10180 completed_cuids=10223/10240
[partition] 510/512 tableids done tableid=510 cuid=10181-10200 completed_cuids=10232/10240
[partition] 511/512 tableids done tableid=511 cuid=10201-10220 completed_cuids=10239/10240
[partition] 512/512 tableids done tableid=512 cuid=10221-10240 completed_cuids=10240/10240
[partition] db closed
{
  "mode": "partition",
  "workload_cf": "delta",
  "enable_partition": true,
  "enable_gdct": false,
  "enable_gdct_delete_fast_path": false,
  "enable_gdct_delete_fast_path_skip_duplicate_locks": false,
  "workload_model": "table_active",
  "table_assignment": "contiguous",
  "table_count": 512,
  "non_empty_table_count": 512,
  "cuid_count": 10240,
  "rows_per_cuid": 60000,
  "active_table_count": 4,
  "writer_threads_per_table": 8,
  "update_rows_per_merge": 5000,
  "late_writer_rows_per_merge": 0,
  "update_percent": 80,
  "update_merge_rounds": 5,
  "lifecycle_active_cuid_percent": 50,
  "lifecycle_concurrent_writer_percent": 5,
  "writer_threads": 32,
  "scan_threads": 32,
  "scan_interval_ms": 100,
  "scans_per_cuid": 200,
  "scan_range_rows": 1000,
  "max_background_jobs": 8,
  "max_subcompactions": 1,
  "l0_target_tables_per_partition": 32,
  "l0_split_factor": 1,
  "l0_min_tables_to_split": 16,
  "l0_max_partition_count": 256,
  "total_seconds": 14466.5,
  "writer_seconds": 14466.5,
  "mode_wall_seconds": 14466.9,
  "manual_compact_seconds": 0.0,
  "completed_cuids": 10240,
  "completed_tables": 512,
  "merge_txns": 61440,
  "inserted_rows": 614400000,
  "merge_delete_rows": 4454400000,
  "update_rows": 256000000,
  "logical_write_ops": 5324800000,
  "cuid_per_sec": 0.7,
  "merge_txns_per_sec": 4.2,
  "insert_rows_per_sec": 42470.5,
  "update_rows_per_sec": 17696.0,
  "merge_delete_rows_per_sec": 307911.2,
  "logical_write_ops_per_sec": 368077.7,
  "scan_ops": 2048000,
  "scan_rows": 148016656,
  "get_samples": 1024000,
  "data_errors": 0,
  "insert_put_p50_us": 2.8,
  "insert_put_p95_us": 6.2,
  "insert_put_p99_us": 12.9,
  "update_put_p50_us": 3.2,
  "update_put_p95_us": 12.8,
  "update_put_p99_us": 22.2,
  "merge_txn_p50_us": 3770593.3,
  "merge_txn_p95_us": 9202368.9,
  "merge_txn_p99_us": 26878301.7,
  "merge_prescan_p50_us": 2417547.3,
  "merge_prescan_p95_us": 5863331.4,
  "merge_prescan_p99_us": 7134472.4,
  "scan_seconds": 47666.4,
  "scan_p50_us": 13070.2,
  "scan_p95_us": 80763.5,
  "scan_p99_us": 118814.0,
  "get_p50_us": 76.2,
  "get_p95_us": 161.4,
  "get_p99_us": 239.2,
  "estimate_live_data_size": 124027495363,
  "live_sst_bytes": 129712760308,
  "wal_bytes": 221649144410,
  "flush_write_bytes": 165001250254,
  "compact_read_bytes": 321809074849,
  "compact_write_bytes": 286865809658,
  "flush_time_micros": 15745456459,
  "flush_count": 4805,
  "compaction_time_micros": 17382217661,
  "compaction_count": 540,
  "subcompaction_setup_micros": 0,
  "subcompaction_setup_count": 0,
  "num_subcompactions_scheduled": 0,
  "gdct_read_visibility_checks": 0,
  "gdct_read_slow_path_checks": 0,
  "gdct_compaction_visibility_checks": 0,
  "gdct_compaction_slow_path_checks": 0,
  "gdct_lookup_row_csn_calls": 0,
  "gdct_lookup_row_csn_failures": 0,
  "gdct_journal_append_batches": 0,
  "gdct_journal_appended_records": 0,
  "gdct_journal_sync_calls": 0,
  "gdct_snapshot_schedule_calls": 0,
  "gdct_snapshot_rotate_calls": 0,
  "gdct_delete_fast_path_rows": 0,
  "gdct_delete_fast_path_markers": 0,
  "gdct_delete_fast_path_cuids": 0,
  "gdct_delete_fast_path_skipped_locks": 0,
  "gdct_intercepted_delete_records": 0,
  "gdct_committed_barriers": 0,
  "gdct_memory_bytes": 0,
  "delta_l0_precompact": {
    "available": true,
    "partition_count": 31,
    "split_count": 30,
    "directory_snapshot_bytes": 1111,
    "get_l0_candidate_files_before_prune": 25608217,
    "get_l0_candidate_files_after_prune": 13703454,
    "get_l0_candidate_files_pruned": 11904763,
    "get_l0_candidate_file_prune_pct": 46.5,
    "scan_l0_candidate_files_before_prune": 52530100,
    "scan_l0_candidate_files_after_prune": 28209555,
    "scan_l0_candidate_files_pruned": 24320545,
    "scan_l0_candidate_file_prune_pct": 46.3,
    "legacy_l0_file_count_without_meta": 0,
    "old_parent_l0_file_count": 0,
    "total_partition_observed_table_count": 512,
    "non_empty_partition_count": 1,
    "total_partition_l0_file_count": 15,
    "total_partition_l0_bytes": 473991642,
    "max_partition_observed_table_count": 32,
    "max_partition_l0_file_count": 15,
    "max_partition_l0_bytes": 473991642
  },
  "delta_l0_postcompact": {
    "available": true,
    "partition_count": 31,
    "split_count": 30,
    "directory_snapshot_bytes": 1111,
    "get_l0_candidate_files_before_prune": 25608217,
    "get_l0_candidate_files_after_prune": 13703454,
    "get_l0_candidate_files_pruned": 11904763,
    "get_l0_candidate_file_prune_pct": 46.5,
    "scan_l0_candidate_files_before_prune": 52530100,
    "scan_l0_candidate_files_after_prune": 28209555,
    "scan_l0_candidate_files_pruned": 24320545,
    "scan_l0_candidate_file_prune_pct": 46.3,
    "legacy_l0_file_count_without_meta": 0,
    "old_parent_l0_file_count": 0,
    "total_partition_observed_table_count": 512,
    "non_empty_partition_count": 1,
    "total_partition_l0_file_count": 15,
    "total_partition_l0_bytes": 473991642,
    "max_partition_observed_table_count": 32,
    "max_partition_l0_file_count": 15,
    "max_partition_l0_bytes": 473991642
  }
}
