Config: cuid_count=10240 rows_per_cuid=60000 workload_model=table_active table_assignment=contiguous table_count=512 active_table_count=4 writer_threads_per_table=8 update_rows_per_merge=5000 late_writer_rows_per_merge=0 update_percent=80 rounds=5 active_cuid_percent=50 concurrent_writer_percent=5 writers=32 max_background_jobs=8 max_subcompactions=1 l0_target_tables_per_partition=32 l0_split_factor=1 l0_min_tables_to_split=16 l0_max_partition_count=256 scanners=32 scan_interval_ms=100 scans_per_cuid=200 scan_range_rows=1000 compact_after_write=false enable_partition_override=-1 enable_gdct_override=-1 enable_gdct_delete_fast_path_override=1 enable_gdct_delete_fast_path_skip_duplicate_locks_override=1 archive_log_dir=/ssd2/wx1485003/rocksdb-hust/a_test_tmp/bench_runs/short_20260530_002858 wbs67108864 mode=vanilla
[vanilla] opening db at /ssd2/wx1485003/rocksdb-hust/a_test_tmp/bench_runs/short_20260530_002858/db/vanilla
[vanilla] db opened
[vanilla] 1/512 tableids done tableid=4 cuid=61-80 completed_cuids=71/10240
[vanilla] 2/512 tableids done tableid=3 cuid=41-60 completed_cuids=78/10240
[vanilla] 3/512 tableids done tableid=2 cuid=21-40 completed_cuids=79/10240
[vanilla] 4/512 tableids done tableid=1 cuid=1-20 completed_cuids=80/10240
[vanilla] 5/512 tableids done tableid=6 cuid=101-120 completed_cuids=153/10240
[vanilla] 6/512 tableids done tableid=5 cuid=81-100 completed_cuids=154/10240
[vanilla] 7/512 tableids done tableid=7 cuid=121-140 completed_cuids=159/10240
[vanilla] 8/512 tableids done tableid=8 cuid=141-160 completed_cuids=160/10240
[vanilla] 9/512 tableids done tableid=9 cuid=161-180 completed_cuids=234/10240
[vanilla] 10/512 tableids done tableid=10 cuid=181-200 completed_cuids=236/10240
[vanilla] 11/512 tableids done tableid=12 cuid=221-240 completed_cuids=237/10240
[vanilla] 12/512 tableids done tableid=11 cuid=201-220 completed_cuids=240/10240
[vanilla] 13/512 tableids done tableid=16 cuid=301-320 completed_cuids=314/10240
[vanilla] 14/512 tableids done tableid=13 cuid=241-260 completed_cuids=315/10240
[vanilla] 15/512 tableids done tableid=15 cuid=281-300 completed_cuids=318/10240
[vanilla] 16/512 tableids done tableid=14 cuid=261-280 completed_cuids=320/10240
[vanilla] 17/512 tableids done tableid=18 cuid=341-360 completed_cuids=393/10240
[vanilla] 18/512 tableids done tableid=17 cuid=321-340 completed_cuids=394/10240
[vanilla] 19/512 tableids done tableid=20 cuid=381-400 completed_cuids=399/10240
[vanilla] 20/512 tableids done tableid=19 cuid=361-380 completed_cuids=400/10240
[vanilla] 21/512 tableids done tableid=22 cuid=421-440 completed_cuids=475/10240
[vanilla] 22/512 tableids done tableid=24 cuid=461-480 completed_cuids=477/10240
[vanilla] 23/512 tableids done tableid=21 cuid=401-420 completed_cuids=479/10240
[vanilla] 24/512 tableids done tableid=23 cuid=441-460 completed_cuids=480/10240
[vanilla] 25/512 tableids done tableid=26 cuid=501-520 completed_cuids=551/10240
[vanilla] 26/512 tableids done tableid=25 cuid=481-500 completed_cuids=555/10240
[vanilla] 27/512 tableids done tableid=27 cuid=521-540 completed_cuids=556/10240
[vanilla] 28/512 tableids done tableid=28 cuid=541-560 completed_cuids=560/10240
[vanilla] 29/512 tableids done tableid=29 cuid=561-580 completed_cuids=629/10240
[vanilla] 30/512 tableids done tableid=30 cuid=581-600 completed_cuids=635/10240
[vanilla] 31/512 tableids done tableid=32 cuid=621-640 completed_cuids=639/10240
[vanilla] 32/512 tableids done tableid=31 cuid=601-620 completed_cuids=640/10240
[vanilla] 33/512 tableids done tableid=33 cuid=641-660 completed_cuids=711/10240
[vanilla] 34/512 tableids done tableid=34 cuid=661-680 completed_cuids=712/10240
[vanilla] 35/512 tableids done tableid=36 cuid=701-720 completed_cuids=719/10240
[vanilla] 36/512 tableids done tableid=35 cuid=681-700 completed_cuids=720/10240
[vanilla] 37/512 tableids done tableid=37 cuid=721-740 completed_cuids=795/10240
[vanilla] 38/512 tableids done tableid=38 cuid=741-760 completed_cuids=796/10240
[vanilla] 39/512 tableids done tableid=40 cuid=781-800 completed_cuids=798/10240
[vanilla] 40/512 tableids done tableid=39 cuid=761-780 completed_cuids=800/10240
[vanilla] 41/512 tableids done tableid=41 cuid=801-820 completed_cuids=872/10240
[vanilla] 42/512 tableids done tableid=42 cuid=821-840 completed_cuids=877/10240
[vanilla] 43/512 tableids done tableid=43 cuid=841-860 completed_cuids=878/10240
[vanilla] 44/512 tableids done tableid=44 cuid=861-880 completed_cuids=880/10240
[vanilla] 45/512 tableids done tableid=47 cuid=921-940 completed_cuids=955/10240
[vanilla] 46/512 tableids done tableid=45 cuid=881-900 completed_cuids=957/10240
[vanilla] 47/512 tableids done tableid=46 cuid=901-920 completed_cuids=958/10240
[vanilla] 48/512 tableids done tableid=48 cuid=941-960 completed_cuids=960/10240
[vanilla] 49/512 tableids done tableid=49 cuid=961-980 completed_cuids=1031/10240
[vanilla] 50/512 tableids done tableid=50 cuid=981-1000 completed_cuids=1035/10240
[vanilla] 51/512 tableids done tableid=52 cuid=1021-1040 completed_cuids=1038/10240
[vanilla] 52/512 tableids done tableid=51 cuid=1001-1020 completed_cuids=1040/10240
[vanilla] 53/512 tableids done tableid=53 cuid=1041-1060 completed_cuids=1115/10240
[vanilla] 54/512 tableids done tableid=54 cuid=1061-1080 completed_cuids=1116/10240
[vanilla] 55/512 tableids done tableid=56 cuid=1101-1120 completed_cuids=1117/10240
[vanilla] 56/512 tableids done tableid=55 cuid=1081-1100 completed_cuids=1120/10240
[vanilla] 57/512 tableids done tableid=57 cuid=1121-1140 completed_cuids=1194/10240
[vanilla] 58/512 tableids done tableid=60 cuid=1181-1200 completed_cuids=1196/10240
[vanilla] 59/512 tableids done tableid=58 cuid=1141-1160 completed_cuids=1198/10240
[vanilla] 60/512 tableids done tableid=59 cuid=1161-1180 completed_cuids=1200/10240
[vanilla] 61/512 tableids done tableid=61 cuid=1201-1220 completed_cuids=1268/10240
[vanilla] 62/512 tableids done tableid=62 cuid=1221-1240 completed_cuids=1274/10240
[vanilla] 63/512 tableids done tableid=64 cuid=1261-1280 completed_cuids=1279/10240
[vanilla] 64/512 tableids done tableid=63 cuid=1241-1260 completed_cuids=1280/10240
[vanilla] 65/512 tableids done tableid=65 cuid=1281-1300 completed_cuids=1354/10240
[vanilla] 66/512 tableids done tableid=68 cuid=1341-1360 completed_cuids=1356/10240
[vanilla] 67/512 tableids done tableid=66 cuid=1301-1320 completed_cuids=1359/10240
[vanilla] 68/512 tableids done tableid=67 cuid=1321-1340 completed_cuids=1360/10240
[vanilla] 69/512 tableids done tableid=72 cuid=1421-1440 completed_cuids=1436/10240
[vanilla] 70/512 tableids done tableid=70 cuid=1381-1400 completed_cuids=1437/10240
[vanilla] 71/512 tableids done tableid=69 cuid=1361-1380 completed_cuids=1438/10240
[vanilla] 72/512 tableids done tableid=71 cuid=1401-1420 completed_cuids=1440/10240
[vanilla] 73/512 tableids done tableid=75 cuid=1481-1500 completed_cuids=1514/10240
[vanilla] 74/512 tableids done tableid=73 cuid=1441-1460 completed_cuids=1516/10240
[vanilla] 75/512 tableids done tableid=76 cuid=1501-1520 completed_cuids=1518/10240
[vanilla] 76/512 tableids done tableid=74 cuid=1461-1480 completed_cuids=1520/10240
[vanilla] 77/512 tableids done tableid=77 cuid=1521-1540 completed_cuids=1589/10240
[vanilla] 78/512 tableids done tableid=78 cuid=1541-1560 completed_cuids=1597/10240
[vanilla] 79/512 tableids done tableid=79 cuid=1561-1580 completed_cuids=1598/10240
[vanilla] 80/512 tableids done tableid=80 cuid=1581-1600 completed_cuids=1600/10240
[vanilla] 81/512 tableids done tableid=81 cuid=1601-1620 completed_cuids=1670/10240
[vanilla] 82/512 tableids done tableid=82 cuid=1621-1640 completed_cuids=1676/10240
[vanilla] 83/512 tableids done tableid=83 cuid=1641-1660 completed_cuids=1679/10240
[vanilla] 84/512 tableids done tableid=84 cuid=1661-1680 completed_cuids=1680/10240
[vanilla] 85/512 tableids done tableid=85 cuid=1681-1700 completed_cuids=1748/10240
[vanilla] 86/512 tableids done tableid=86 cuid=1701-1720 completed_cuids=1755/10240
[vanilla] 87/512 tableids done tableid=88 cuid=1741-1760 completed_cuids=1758/10240
[vanilla] 88/512 tableids done tableid=87 cuid=1721-1740 completed_cuids=1760/10240
[vanilla] 89/512 tableids done tableid=89 cuid=1761-1780 completed_cuids=1827/10240
[vanilla] 90/512 tableids done tableid=90 cuid=1781-1800 completed_cuids=1837/10240
[vanilla] 91/512 tableids done tableid=92 cuid=1821-1840 completed_cuids=1839/10240
[vanilla] 92/512 tableids done tableid=91 cuid=1801-1820 completed_cuids=1840/10240
[vanilla] 93/512 tableids done tableid=93 cuid=1841-1860 completed_cuids=1908/10240
[vanilla] 94/512 tableids done tableid=95 cuid=1881-1900 completed_cuids=1915/10240
[vanilla] 95/512 tableids done tableid=94 cuid=1861-1880 completed_cuids=1919/10240
[vanilla] 96/512 tableids done tableid=96 cuid=1901-1920 completed_cuids=1920/10240
[vanilla] 97/512 tableids done tableid=97 cuid=1921-1940 completed_cuids=1983/10240
[vanilla] 98/512 tableids done tableid=99 cuid=1961-1980 completed_cuids=1997/10240
[vanilla] 99/512 tableids done tableid=98 cuid=1941-1960 completed_cuids=1998/10240
[vanilla] 100/512 tableids done tableid=100 cuid=1981-2000 completed_cuids=2001/10240
[vanilla] 101/512 tableids done tableid=101 cuid=2001-2020 completed_cuids=2068/10240
[vanilla] 102/512 tableids done tableid=103 cuid=2041-2060 completed_cuids=2077/10240
[vanilla] 103/512 tableids done tableid=102 cuid=2021-2040 completed_cuids=2079/10240
[vanilla] 104/512 tableids done tableid=104 cuid=2061-2080 completed_cuids=2082/10240
[vanilla] 105/512 tableids done tableid=105 cuid=2081-2100 completed_cuids=2137/10240
[vanilla] 106/512 tableids done tableid=106 cuid=2101-2120 completed_cuids=2155/10240
[vanilla] 107/512 tableids done tableid=108 cuid=2141-2160 completed_cuids=2158/10240
[vanilla] 108/512 tableids done tableid=107 cuid=2121-2140 completed_cuids=2167/10240
[vanilla] 109/512 tableids done tableid=109 cuid=2161-2180 completed_cuids=2225/10240
[vanilla] 110/512 tableids done tableid=110 cuid=2181-2200 completed_cuids=2234/10240
[vanilla] 111/512 tableids done tableid=111 cuid=2201-2220 completed_cuids=2239/10240
[vanilla] 112/512 tableids done tableid=112 cuid=2221-2240 completed_cuids=2247/10240
[vanilla] 113/512 tableids done tableid=113 cuid=2241-2260 completed_cuids=2302/10240
[vanilla] 114/512 tableids done tableid=114 cuid=2261-2280 completed_cuids=2316/10240
[vanilla] 115/512 tableids done tableid=116 cuid=2301-2320 completed_cuids=2320/10240
[vanilla] 116/512 tableids done tableid=115 cuid=2281-2300 completed_cuids=2327/10240
[vanilla] 117/512 tableids done tableid=117 cuid=2321-2340 completed_cuids=2380/10240
[vanilla] 118/512 tableids done tableid=118 cuid=2341-2360 completed_cuids=2393/10240
[vanilla] 119/512 tableids done tableid=120 cuid=2381-2400 completed_cuids=2400/10240
[vanilla] 120/512 tableids done tableid=119 cuid=2361-2380 completed_cuids=2402/10240
[vanilla] 121/512 tableids done tableid=121 cuid=2401-2420 completed_cuids=2471/10240
[vanilla] 122/512 tableids done tableid=122 cuid=2421-2440 completed_cuids=2472/10240
[vanilla] 123/512 tableids done tableid=123 cuid=2441-2460 completed_cuids=2477/10240
[vanilla] 124/512 tableids done tableid=124 cuid=2461-2480 completed_cuids=2482/10240
[vanilla] 125/512 tableids done tableid=125 cuid=2481-2500 completed_cuids=2550/10240
[vanilla] 126/512 tableids done tableid=126 cuid=2501-2520 completed_cuids=2552/10240
[vanilla] 127/512 tableids done tableid=127 cuid=2521-2540 completed_cuids=2556/10240
[vanilla] 128/512 tableids done tableid=128 cuid=2541-2560 completed_cuids=2562/10240
[vanilla] 129/512 tableids done tableid=129 cuid=2561-2580 completed_cuids=2626/10240
[vanilla] 130/512 tableids done tableid=130 cuid=2581-2600 completed_cuids=2630/10240
[vanilla] 131/512 tableids done tableid=131 cuid=2601-2620 completed_cuids=2636/10240
[vanilla] 132/512 tableids done tableid=132 cuid=2621-2640 completed_cuids=2651/10240
[vanilla] 133/512 tableids done tableid=133 cuid=2641-2660 completed_cuids=2704/10240
[vanilla] 134/512 tableids done tableid=134 cuid=2661-2680 completed_cuids=2711/10240
[vanilla] 135/512 tableids done tableid=135 cuid=2681-2700 completed_cuids=2715/10240
[vanilla] 136/512 tableids done tableid=136 cuid=2701-2720 completed_cuids=2737/10240
[vanilla] 137/512 tableids done tableid=137 cuid=2721-2740 completed_cuids=2786/10240
[vanilla] 138/512 tableids done tableid=139 cuid=2761-2780 completed_cuids=2787/10240
[vanilla] 139/512 tableids done tableid=138 cuid=2741-2760 completed_cuids=2795/10240
[vanilla] 140/512 tableids done tableid=140 cuid=2781-2800 completed_cuids=2815/10240
[vanilla] 141/512 tableids done tableid=141 cuid=2801-2820 completed_cuids=2861/10240
[vanilla] 142/512 tableids done tableid=142 cuid=2821-2840 completed_cuids=2872/10240
[vanilla] 143/512 tableids done tableid=143 cuid=2841-2860 completed_cuids=2876/10240
[vanilla] 144/512 tableids done tableid=144 cuid=2861-2880 completed_cuids=2889/10240
[vanilla] 145/512 tableids done tableid=145 cuid=2881-2900 completed_cuids=2940/10240
[vanilla] 146/512 tableids done tableid=147 cuid=2921-2940 completed_cuids=2952/10240
[vanilla] 147/512 tableids done tableid=146 cuid=2901-2920 completed_cuids=2956/10240
[vanilla] 148/512 tableids done tableid=148 cuid=2941-2960 completed_cuids=2969/10240
[vanilla] 149/512 tableids done tableid=149 cuid=2961-2980 completed_cuids=3020/10240
[vanilla] 150/512 tableids done tableid=150 cuid=2981-3000 completed_cuids=3033/10240
[vanilla] 151/512 tableids done tableid=151 cuid=3001-3020 completed_cuids=3035/10240
[vanilla] 152/512 tableids done tableid=152 cuid=3021-3040 completed_cuids=3048/10240
[vanilla] 153/512 tableids done tableid=153 cuid=3041-3060 completed_cuids=3100/10240
[vanilla] 154/512 tableids done tableid=154 cuid=3061-3080 completed_cuids=3113/10240
[vanilla] 155/512 tableids done tableid=155 cuid=3081-3100 completed_cuids=3115/10240
[vanilla] 156/512 tableids done tableid=156 cuid=3101-3120 completed_cuids=3132/10240
[vanilla] 157/512 tableids done tableid=157 cuid=3121-3140 completed_cuids=3180/10240
[vanilla] 158/512 tableids done tableid=158 cuid=3141-3160 completed_cuids=3188/10240
[vanilla] 159/512 tableids done tableid=159 cuid=3161-3180 completed_cuids=3196/10240
[vanilla] 160/512 tableids done tableid=160 cuid=3181-3200 completed_cuids=3215/10240
[vanilla] 161/512 tableids done tableid=161 cuid=3201-3220 completed_cuids=3260/10240
[vanilla] 162/512 tableids done tableid=162 cuid=3221-3240 completed_cuids=3274/10240
[vanilla] 163/512 tableids done tableid=163 cuid=3241-3260 completed_cuids=3275/10240
[vanilla] 164/512 tableids done tableid=164 cuid=3261-3280 completed_cuids=3289/10240
[vanilla] 165/512 tableids done tableid=165 cuid=3281-3300 completed_cuids=3338/10240
[vanilla] 166/512 tableids done tableid=167 cuid=3321-3340 completed_cuids=3355/10240
[vanilla] 167/512 tableids done tableid=166 cuid=3301-3320 completed_cuids=3364/10240
[vanilla] 168/512 tableids done tableid=168 cuid=3341-3360 completed_cuids=3370/10240
[vanilla] 169/512 tableids done tableid=169 cuid=3361-3380 completed_cuids=3413/10240
[vanilla] 170/512 tableids done tableid=171 cuid=3401-3420 completed_cuids=3435/10240
[vanilla] 171/512 tableids done tableid=170 cuid=3381-3400 completed_cuids=3436/10240
[vanilla] 172/512 tableids done tableid=172 cuid=3421-3440 completed_cuids=3448/10240
[vanilla] 173/512 tableids done tableid=173 cuid=3441-3460 completed_cuids=3499/10240
[vanilla] 174/512 tableids done tableid=174 cuid=3461-3480 completed_cuids=3519/10240
[vanilla] 175/512 tableids done tableid=175 cuid=3481-3500 completed_cuids=3524/10240
[vanilla] 176/512 tableids done tableid=176 cuid=3501-3520 completed_cuids=3537/10240
[vanilla] 177/512 tableids done tableid=177 cuid=3521-3540 completed_cuids=3570/10240
[vanilla] 178/512 tableids done tableid=178 cuid=3541-3560 completed_cuids=3585/10240
[vanilla] 179/512 tableids done tableid=179 cuid=3561-3580 completed_cuids=3591/10240
[vanilla] 180/512 tableids done tableid=180 cuid=3581-3600 completed_cuids=3631/10240
[vanilla] 181/512 tableids done tableid=181 cuid=3601-3620 completed_cuids=3653/10240
[vanilla] 182/512 tableids done tableid=182 cuid=3621-3640 completed_cuids=3669/10240
[vanilla] 183/512 tableids done tableid=183 cuid=3641-3660 completed_cuids=3672/10240
[vanilla] 184/512 tableids done tableid=184 cuid=3661-3680 completed_cuids=3703/10240
[vanilla] 185/512 tableids done tableid=185 cuid=3681-3700 completed_cuids=3735/10240
[vanilla] 186/512 tableids done tableid=186 cuid=3701-3720 completed_cuids=3754/10240
[vanilla] 187/512 tableids done tableid=187 cuid=3721-3740 completed_cuids=3763/10240
[vanilla] 188/512 tableids done tableid=188 cuid=3741-3760 completed_cuids=3771/10240
[vanilla] 189/512 tableids done tableid=189 cuid=3761-3780 completed_cuids=3798/10240
[vanilla] 190/512 tableids done tableid=190 cuid=3781-3800 completed_cuids=3842/10240
[vanilla] 191/512 tableids done tableid=191 cuid=3801-3820 completed_cuids=3843/10240
[vanilla] 192/512 tableids done tableid=192 cuid=3821-3840 completed_cuids=3853/10240
[vanilla] 193/512 tableids done tableid=193 cuid=3841-3860 completed_cuids=3880/10240
[vanilla] 194/512 tableids done tableid=194 cuid=3861-3880 completed_cuids=3920/10240
[vanilla] 195/512 tableids done tableid=195 cuid=3881-3900 completed_cuids=3922/10240
[vanilla] 196/512 tableids done tableid=196 cuid=3901-3920 completed_cuids=3932/10240
[vanilla] 197/512 tableids done tableid=197 cuid=3921-3940 completed_cuids=3956/10240
[vanilla] 198/512 tableids done tableid=199 cuid=3961-3980 completed_cuids=4003/10240
[vanilla] 199/512 tableids done tableid=198 cuid=3941-3960 completed_cuids=4004/10240
[vanilla] 200/512 tableids done tableid=200 cuid=3981-4000 completed_cuids=4016/10240
[vanilla] 201/512 tableids done tableid=201 cuid=4001-4020 completed_cuids=4036/10240
[vanilla] 202/512 tableids done tableid=202 cuid=4021-4040 completed_cuids=4082/10240
[vanilla] 203/512 tableids done tableid=203 cuid=4041-4060 completed_cuids=4084/10240
[vanilla] 204/512 tableids done tableid=204 cuid=4061-4080 completed_cuids=4100/10240
[vanilla] 205/512 tableids done tableid=205 cuid=4081-4100 completed_cuids=4118/10240
[vanilla] 206/512 tableids done tableid=207 cuid=4121-4140 completed_cuids=4157/10240
[vanilla] 207/512 tableids done tableid=206 cuid=4101-4120 completed_cuids=4159/10240
[vanilla] 208/512 tableids done tableid=208 cuid=4141-4160 completed_cuids=4181/10240
[vanilla] 209/512 tableids done tableid=209 cuid=4161-4180 completed_cuids=4196/10240
[vanilla] 210/512 tableids done tableid=210 cuid=4181-4200 completed_cuids=4235/10240
[vanilla] 211/512 tableids done tableid=211 cuid=4201-4220 completed_cuids=4241/10240
[vanilla] 212/512 tableids done tableid=212 cuid=4221-4240 completed_cuids=4268/10240
[vanilla] 213/512 tableids done tableid=213 cuid=4241-4260 completed_cuids=4276/10240
[vanilla] 214/512 tableids done tableid=214 cuid=4261-4280 completed_cuids=4322/10240
[vanilla] 215/512 tableids done tableid=215 cuid=4281-4300 completed_cuids=4331/10240
[vanilla] 216/512 tableids done tableid=216 cuid=4301-4320 completed_cuids=4338/10240
[vanilla] 217/512 tableids done tableid=217 cuid=4321-4340 completed_cuids=4347/10240
[vanilla] 218/512 tableids done tableid=219 cuid=4361-4380 completed_cuids=4408/10240
[vanilla] 219/512 tableids done tableid=218 cuid=4341-4360 completed_cuids=4409/10240
[vanilla] 220/512 tableids done tableid=220 cuid=4381-4400 completed_cuids=4417/10240
[vanilla] 221/512 tableids done tableid=221 cuid=4401-4420 completed_cuids=4427/10240
[vanilla] 222/512 tableids done tableid=222 cuid=4421-4440 completed_cuids=4486/10240
[vanilla] 223/512 tableids done tableid=223 cuid=4441-4460 completed_cuids=4492/10240
[vanilla] 224/512 tableids done tableid=224 cuid=4461-4480 completed_cuids=4496/10240
[vanilla] 225/512 tableids done tableid=225 cuid=4481-4500 completed_cuids=4507/10240
[vanilla] 226/512 tableids done tableid=226 cuid=4501-4520 completed_cuids=4564/10240
[vanilla] 227/512 tableids done tableid=227 cuid=4521-4540 completed_cuids=4570/10240
[vanilla] 228/512 tableids done tableid=228 cuid=4541-4560 completed_cuids=4576/10240
[vanilla] 229/512 tableids done tableid=229 cuid=4561-4580 completed_cuids=4585/10240
[vanilla] 230/512 tableids done tableid=231 cuid=4601-4620 completed_cuids=4647/10240
[vanilla] 231/512 tableids done tableid=230 cuid=4581-4600 completed_cuids=4650/10240
[vanilla] 232/512 tableids done tableid=232 cuid=4621-4640 completed_cuids=4656/10240
[vanilla] 233/512 tableids done tableid=233 cuid=4641-4660 completed_cuids=4664/10240
[vanilla] 234/512 tableids done tableid=236 cuid=4701-4720 completed_cuids=4731/10240
[vanilla] 235/512 tableids done tableid=235 cuid=4681-4700 completed_cuids=4735/10240
[vanilla] 236/512 tableids done tableid=234 cuid=4661-4680 completed_cuids=4736/10240
[vanilla] 237/512 tableids done tableid=237 cuid=4721-4740 completed_cuids=4741/10240
[vanilla] 238/512 tableids done tableid=240 cuid=4781-4800 completed_cuids=4812/10240
[vanilla] 239/512 tableids done tableid=238 cuid=4741-4760 completed_cuids=4814/10240
[vanilla] 240/512 tableids done tableid=239 cuid=4761-4780 completed_cuids=4815/10240
[vanilla] 241/512 tableids done tableid=241 cuid=4801-4820 completed_cuids=4820/10240
[vanilla] 242/512 tableids done tableid=242 cuid=4821-4840 completed_cuids=4888/10240
[vanilla] 243/512 tableids done tableid=243 cuid=4841-4860 completed_cuids=4893/10240
[vanilla] 244/512 tableids done tableid=244 cuid=4861-4880 completed_cuids=4896/10240
[vanilla] 245/512 tableids done tableid=245 cuid=4881-4900 completed_cuids=4900/10240
[vanilla] 246/512 tableids done tableid=248 cuid=4941-4960 completed_cuids=4974/10240
[vanilla] 247/512 tableids done tableid=246 cuid=4901-4920 completed_cuids=4977/10240
[vanilla] 248/512 tableids done tableid=249 cuid=4961-4980 completed_cuids=4978/10240
[vanilla] 249/512 tableids done tableid=247 cuid=4921-4940 completed_cuids=4980/10240
[vanilla] 250/512 tableids done tableid=251 cuid=5001-5020 completed_cuids=5054/10240
[vanilla] 251/512 tableids done tableid=252 cuid=5021-5040 completed_cuids=5057/10240
[vanilla] 252/512 tableids done tableid=250 cuid=4981-5000 completed_cuids=5059/10240
[vanilla] 253/512 tableids done tableid=253 cuid=5041-5060 completed_cuids=5060/10240
[vanilla] 254/512 tableids done tableid=255 cuid=5081-5100 completed_cuids=5130/10240
[vanilla] 255/512 tableids done tableid=254 cuid=5061-5080 completed_cuids=5133/10240
[vanilla] 256/512 tableids done tableid=256 cuid=5101-5120 completed_cuids=5139/10240
[vanilla] 257/512 tableids done tableid=257 cuid=5121-5140 completed_cuids=5140/10240
[vanilla] 258/512 tableids done tableid=261 cuid=5201-5220 completed_cuids=5216/10240
[vanilla] 259/512 tableids done tableid=258 cuid=5141-5160 completed_cuids=5217/10240
[vanilla] 260/512 tableids done tableid=260 cuid=5181-5200 completed_cuids=5219/10240
[vanilla] 261/512 tableids done tableid=259 cuid=5161-5180 completed_cuids=5220/10240
[vanilla] 262/512 tableids done tableid=264 cuid=5261-5280 completed_cuids=5294/10240
[vanilla] 263/512 tableids done tableid=265 cuid=5281-5300 completed_cuids=5297/10240
[vanilla] 264/512 tableids done tableid=262 cuid=5221-5240 completed_cuids=5299/10240
[vanilla] 265/512 tableids done tableid=263 cuid=5241-5260 completed_cuids=5300/10240
[vanilla] 266/512 tableids done tableid=266 cuid=5301-5320 completed_cuids=5375/10240
[vanilla] 267/512 tableids done tableid=267 cuid=5321-5340 completed_cuids=5376/10240
[vanilla] 268/512 tableids done tableid=268 cuid=5341-5360 completed_cuids=5379/10240
[vanilla] 269/512 tableids done tableid=269 cuid=5361-5380 completed_cuids=5380/10240
[vanilla] 270/512 tableids done tableid=271 cuid=5401-5420 completed_cuids=5452/10240
[vanilla] 271/512 tableids done tableid=270 cuid=5381-5400 completed_cuids=5456/10240
[vanilla] 272/512 tableids done tableid=272 cuid=5421-5440 completed_cuids=5457/10240
[vanilla] 273/512 tableids done tableid=273 cuid=5441-5460 completed_cuids=5460/10240
[vanilla] 274/512 tableids done tableid=275 cuid=5481-5500 completed_cuids=5533/10240
[vanilla] 275/512 tableids done tableid=274 cuid=5461-5480 completed_cuids=5535/10240
[vanilla] 276/512 tableids done tableid=276 cuid=5501-5520 completed_cuids=5536/10240
[vanilla] 277/512 tableids done tableid=277 cuid=5521-5540 completed_cuids=5540/10240
[vanilla] 278/512 tableids done tableid=278 cuid=5541-5560 completed_cuids=5610/10240
[vanilla] 279/512 tableids done tableid=279 cuid=5561-5580 completed_cuids=5615/10240
[vanilla] 280/512 tableids done tableid=281 cuid=5601-5620 completed_cuids=5618/10240
[vanilla] 281/512 tableids done tableid=280 cuid=5581-5600 completed_cuids=5620/10240
[vanilla] 282/512 tableids done tableid=285 cuid=5681-5700 completed_cuids=5693/10240
[vanilla] 283/512 tableids done tableid=282 cuid=5621-5640 completed_cuids=5694/10240
[vanilla] 284/512 tableids done tableid=283 cuid=5641-5660 completed_cuids=5698/10240
[vanilla] 285/512 tableids done tableid=284 cuid=5661-5680 completed_cuids=5700/10240
[vanilla] 286/512 tableids done tableid=286 cuid=5701-5720 completed_cuids=5772/10240
[vanilla] 287/512 tableids done tableid=287 cuid=5721-5740 completed_cuids=5774/10240
[vanilla] 288/512 tableids done tableid=288 cuid=5741-5760 completed_cuids=5779/10240
[vanilla] 289/512 tableids done tableid=289 cuid=5761-5780 completed_cuids=5780/10240
[vanilla] 290/512 tableids done tableid=290 cuid=5781-5800 completed_cuids=5852/10240
[vanilla] 291/512 tableids done tableid=291 cuid=5801-5820 completed_cuids=5855/10240
[vanilla] 292/512 tableids done tableid=292 cuid=5821-5840 completed_cuids=5859/10240
[vanilla] 293/512 tableids done tableid=293 cuid=5841-5860 completed_cuids=5860/10240
[vanilla] 294/512 tableids done tableid=295 cuid=5881-5900 completed_cuids=5932/10240
[vanilla] 295/512 tableids done tableid=294 cuid=5861-5880 completed_cuids=5933/10240
[vanilla] 296/512 tableids done tableid=296 cuid=5901-5920 completed_cuids=5938/10240
[vanilla] 297/512 tableids done tableid=297 cuid=5921-5940 completed_cuids=5940/10240
[vanilla] 298/512 tableids done tableid=298 cuid=5941-5960 completed_cuids=6008/10240
[vanilla] 299/512 tableids done tableid=299 cuid=5961-5980 completed_cuids=6014/10240
[vanilla] 300/512 tableids done tableid=301 cuid=6001-6020 completed_cuids=6018/10240
[vanilla] 301/512 tableids done tableid=300 cuid=5981-6000 completed_cuids=6020/10240
[vanilla] 302/512 tableids done tableid=303 cuid=6041-6060 completed_cuids=6091/10240
[vanilla] 303/512 tableids done tableid=302 cuid=6021-6040 completed_cuids=6092/10240
[vanilla] 304/512 tableids done tableid=305 cuid=6081-6100 completed_cuids=6099/10240
[vanilla] 305/512 tableids done tableid=304 cuid=6061-6080 completed_cuids=6100/10240
[vanilla] 306/512 tableids done tableid=306 cuid=6101-6120 completed_cuids=6169/10240
[vanilla] 307/512 tableids done tableid=307 cuid=6121-6140 completed_cuids=6173/10240
[vanilla] 308/512 tableids done tableid=308 cuid=6141-6160 completed_cuids=6178/10240
[vanilla] 309/512 tableids done tableid=309 cuid=6161-6180 completed_cuids=6180/10240
[vanilla] 310/512 tableids done tableid=310 cuid=6181-6200 completed_cuids=6250/10240
[vanilla] 311/512 tableids done tableid=311 cuid=6201-6220 completed_cuids=6252/10240
[vanilla] 312/512 tableids done tableid=312 cuid=6221-6240 completed_cuids=6259/10240
[vanilla] 313/512 tableids done tableid=313 cuid=6241-6260 completed_cuids=6260/10240
[vanilla] 314/512 tableids done tableid=316 cuid=6301-6320 completed_cuids=6336/10240
[vanilla] 315/512 tableids done tableid=315 cuid=6281-6300 completed_cuids=6338/10240
[vanilla] 316/512 tableids done tableid=314 cuid=6261-6280 completed_cuids=6339/10240
[vanilla] 317/512 tableids done tableid=317 cuid=6321-6340 completed_cuids=6340/10240
[vanilla] 318/512 tableids done tableid=318 cuid=6341-6360 completed_cuids=6408/10240
[vanilla] 319/512 tableids done tableid=320 cuid=6381-6400 completed_cuids=6414/10240
[vanilla] 320/512 tableids done tableid=321 cuid=6401-6420 completed_cuids=6418/10240
[vanilla] 321/512 tableids done tableid=319 cuid=6361-6380 completed_cuids=6420/10240
[vanilla] 322/512 tableids done tableid=322 cuid=6421-6440 completed_cuids=6493/10240
[vanilla] 323/512 tableids done tableid=324 cuid=6461-6480 completed_cuids=6494/10240
[vanilla] 324/512 tableids done tableid=325 cuid=6481-6500 completed_cuids=6499/10240
[vanilla] 325/512 tableids done tableid=323 cuid=6441-6460 completed_cuids=6500/10240
[vanilla] 326/512 tableids done tableid=327 cuid=6521-6540 completed_cuids=6569/10240
[vanilla] 327/512 tableids done tableid=326 cuid=6501-6520 completed_cuids=6576/10240
[vanilla] 328/512 tableids done tableid=328 cuid=6541-6560 completed_cuids=6578/10240
[vanilla] 329/512 tableids done tableid=329 cuid=6561-6580 completed_cuids=6580/10240
[vanilla] 330/512 tableids done tableid=332 cuid=6621-6640 completed_cuids=6654/10240
[vanilla] 331/512 tableids done tableid=331 cuid=6601-6620 completed_cuids=6656/10240
[vanilla] 332/512 tableids done tableid=330 cuid=6581-6600 completed_cuids=6658/10240
[vanilla] 333/512 tableids done tableid=333 cuid=6641-6660 completed_cuids=6660/10240
[vanilla] 334/512 tableids done tableid=334 cuid=6661-6680 completed_cuids=6729/10240
[vanilla] 335/512 tableids done tableid=335 cuid=6681-6700 completed_cuids=6734/10240
[vanilla] 336/512 tableids done tableid=337 cuid=6721-6740 completed_cuids=6738/10240
[vanilla] 337/512 tableids done tableid=336 cuid=6701-6720 completed_cuids=6740/10240
[vanilla] 338/512 tableids done tableid=338 cuid=6741-6760 completed_cuids=6812/10240
[vanilla] 339/512 tableids done tableid=340 cuid=6781-6800 completed_cuids=6816/10240
[vanilla] 340/512 tableids done tableid=339 cuid=6761-6780 completed_cuids=6818/10240
[vanilla] 341/512 tableids done tableid=341 cuid=6801-6820 completed_cuids=6820/10240
[vanilla] 342/512 tableids done tableid=344 cuid=6861-6880 completed_cuids=6895/10240
[vanilla] 343/512 tableids done tableid=343 cuid=6841-6860 completed_cuids=6897/10240
[vanilla] 344/512 tableids done tableid=342 cuid=6821-6840 completed_cuids=6899/10240
[vanilla] 345/512 tableids done tableid=345 cuid=6881-6900 completed_cuids=6900/10240
[vanilla] 346/512 tableids done tableid=349 cuid=6961-6980 completed_cuids=6972/10240
[vanilla] 347/512 tableids done tableid=348 cuid=6941-6960 completed_cuids=6977/10240
[vanilla] 348/512 tableids done tableid=346 cuid=6901-6920 completed_cuids=6979/10240
[vanilla] 349/512 tableids done tableid=347 cuid=6921-6940 completed_cuids=6980/10240
[vanilla] 350/512 tableids done tableid=353 cuid=7041-7060 completed_cuids=7056/10240
[vanilla] 351/512 tableids done tableid=351 cuid=7001-7020 completed_cuids=7057/10240
[vanilla] 352/512 tableids done tableid=350 cuid=6981-7000 completed_cuids=7059/10240
[vanilla] 353/512 tableids done tableid=352 cuid=7021-7040 completed_cuids=7060/10240
[vanilla] 354/512 tableids done tableid=355 cuid=7081-7100 completed_cuids=7131/10240
[vanilla] 355/512 tableids done tableid=357 cuid=7121-7140 completed_cuids=7136/10240
[vanilla] 356/512 tableids done tableid=354 cuid=7061-7080 completed_cuids=7138/10240
[vanilla] 357/512 tableids done tableid=356 cuid=7101-7120 completed_cuids=7140/10240
[vanilla] 358/512 tableids done tableid=359 cuid=7161-7180 completed_cuids=7214/10240
[vanilla] 359/512 tableids done tableid=361 cuid=7201-7220 completed_cuids=7218/10240
[vanilla] 360/512 tableids done tableid=360 cuid=7181-7200 completed_cuids=7219/10240
[vanilla] 361/512 tableids done tableid=358 cuid=7141-7160 completed_cuids=7220/10240
[vanilla] 362/512 tableids done tableid=363 cuid=7241-7260 completed_cuids=7296/10240
[vanilla] 363/512 tableids done tableid=365 cuid=7281-7300 completed_cuids=7297/10240
[vanilla] 364/512 tableids done tableid=362 cuid=7221-7240 completed_cuids=7299/10240
[vanilla] 365/512 tableids done tableid=364 cuid=7261-7280 completed_cuids=7300/10240
[vanilla] 366/512 tableids done tableid=366 cuid=7301-7320 completed_cuids=7374/10240
[vanilla] 367/512 tableids done tableid=367 cuid=7321-7340 completed_cuids=7376/10240
[vanilla] 368/512 tableids done tableid=369 cuid=7361-7380 completed_cuids=7379/10240
[vanilla] 369/512 tableids done tableid=368 cuid=7341-7360 completed_cuids=7380/10240
[vanilla] 370/512 tableids done tableid=370 cuid=7381-7400 completed_cuids=7449/10240
[vanilla] 371/512 tableids done tableid=371 cuid=7401-7420 completed_cuids=7456/10240
[vanilla] 372/512 tableids done tableid=373 cuid=7441-7460 completed_cuids=7459/10240
[vanilla] 373/512 tableids done tableid=372 cuid=7421-7440 completed_cuids=7460/10240
[vanilla] 374/512 tableids done tableid=377 cuid=7521-7540 completed_cuids=7536/10240
[vanilla] 375/512 tableids done tableid=374 cuid=7461-7480 completed_cuids=7538/10240
[vanilla] 376/512 tableids done tableid=375 cuid=7481-7500 completed_cuids=7539/10240
[vanilla] 377/512 tableids done tableid=376 cuid=7501-7520 completed_cuids=7540/10240
[vanilla] 378/512 tableids done tableid=380 cuid=7581-7600 completed_cuids=7615/10240
[vanilla] 379/512 tableids done tableid=381 cuid=7601-7620 completed_cuids=7618/10240
[vanilla] 380/512 tableids done tableid=379 cuid=7561-7580 completed_cuids=7619/10240
[vanilla] 381/512 tableids done tableid=378 cuid=7541-7560 completed_cuids=7620/10240
[vanilla] 382/512 tableids done tableid=382 cuid=7621-7640 completed_cuids=7694/10240
[vanilla] 383/512 tableids done tableid=383 cuid=7641-7660 completed_cuids=7698/10240
[vanilla] 384/512 tableids done tableid=384 cuid=7661-7680 completed_cuids=7699/10240
[vanilla] 385/512 tableids done tableid=385 cuid=7681-7700 completed_cuids=7700/10240
[vanilla] 386/512 tableids done tableid=386 cuid=7701-7720 completed_cuids=7768/10240
[vanilla] 387/512 tableids done tableid=388 cuid=7741-7760 completed_cuids=7775/10240
[vanilla] 388/512 tableids done tableid=389 cuid=7761-7780 completed_cuids=7779/10240
[vanilla] 389/512 tableids done tableid=387 cuid=7721-7740 completed_cuids=7780/10240
[vanilla] 390/512 tableids done tableid=390 cuid=7781-7800 completed_cuids=7848/10240
[vanilla] 391/512 tableids done tableid=391 cuid=7801-7820 completed_cuids=7856/10240
[vanilla] 392/512 tableids done tableid=392 cuid=7821-7840 completed_cuids=7860/10240
[vanilla] 393/512 tableids done tableid=393 cuid=7841-7860 completed_cuids=7865/10240
[vanilla] 394/512 tableids done tableid=394 cuid=7861-7880 completed_cuids=7922/10240
[vanilla] 395/512 tableids done tableid=395 cuid=7881-7900 completed_cuids=7932/10240
[vanilla] 396/512 tableids done tableid=396 cuid=7901-7920 completed_cuids=7936/10240
[vanilla] 397/512 tableids done tableid=397 cuid=7921-7940 completed_cuids=7943/10240
[vanilla] 398/512 tableids done tableid=398 cuid=7941-7960 completed_cuids=8003/10240
[vanilla] 399/512 tableids done tableid=399 cuid=7961-7980 completed_cuids=8012/10240
[vanilla] 400/512 tableids done tableid=400 cuid=7981-8000 completed_cuids=8023/10240
[vanilla] 401/512 tableids done tableid=401 cuid=8001-8020 completed_cuids=8026/10240
[vanilla] 402/512 tableids done tableid=402 cuid=8021-8040 completed_cuids=8077/10240
[vanilla] 403/512 tableids done tableid=403 cuid=8041-8060 completed_cuids=8092/10240
[vanilla] 404/512 tableids done tableid=405 cuid=8081-8100 completed_cuids=8105/10240
[vanilla] 405/512 tableids done tableid=404 cuid=8061-8080 completed_cuids=8110/10240
[vanilla] 406/512 tableids done tableid=407 cuid=8121-8140 completed_cuids=8169/10240
[vanilla] 407/512 tableids done tableid=406 cuid=8101-8120 completed_cuids=8170/10240
[vanilla] 408/512 tableids done tableid=408 cuid=8141-8160 completed_cuids=8176/10240
[vanilla] 409/512 tableids done tableid=409 cuid=8161-8180 completed_cuids=8182/10240
[vanilla] 410/512 tableids done tableid=410 cuid=8181-8200 completed_cuids=8244/10240
[vanilla] 411/512 tableids done tableid=411 cuid=8201-8220 completed_cuids=8250/10240
[vanilla] 412/512 tableids done tableid=412 cuid=8221-8240 completed_cuids=8256/10240
[vanilla] 413/512 tableids done tableid=413 cuid=8241-8260 completed_cuids=8271/10240
[vanilla] 414/512 tableids done tableid=414 cuid=8261-8280 completed_cuids=8331/10240
[vanilla] 415/512 tableids done tableid=415 cuid=8281-8300 completed_cuids=8333/10240
[vanilla] 416/512 tableids done tableid=416 cuid=8301-8320 completed_cuids=8336/10240
[vanilla] 417/512 tableids done tableid=417 cuid=8321-8340 completed_cuids=8346/10240
[vanilla] 418/512 tableids done tableid=418 cuid=8341-8360 completed_cuids=8401/10240
[vanilla] 419/512 tableids done tableid=419 cuid=8361-8380 completed_cuids=8409/10240
[vanilla] 420/512 tableids done tableid=420 cuid=8381-8400 completed_cuids=8413/10240
[vanilla] 421/512 tableids done tableid=421 cuid=8401-8420 completed_cuids=8438/10240
[vanilla] 422/512 tableids done tableid=422 cuid=8421-8440 completed_cuids=8483/10240
[vanilla] 423/512 tableids done tableid=424 cuid=8461-8480 completed_cuids=8486/10240
[vanilla] 424/512 tableids done tableid=423 cuid=8441-8460 completed_cuids=8489/10240
[vanilla] 425/512 tableids done tableid=425 cuid=8481-8500 completed_cuids=8521/10240
[vanilla] 426/512 tableids done tableid=426 cuid=8501-8520 completed_cuids=8564/10240
[vanilla] 427/512 tableids done tableid=428 cuid=8541-8560 completed_cuids=8568/10240
[vanilla] 428/512 tableids done tableid=427 cuid=8521-8540 completed_cuids=8570/10240
[vanilla] 429/512 tableids done tableid=429 cuid=8561-8580 completed_cuids=8594/10240
[vanilla] 430/512 tableids done tableid=430 cuid=8581-8600 completed_cuids=8646/10240
[vanilla] 431/512 tableids done tableid=431 cuid=8601-8620 completed_cuids=8653/10240
[vanilla] 432/512 tableids done tableid=432 cuid=8621-8640 completed_cuids=8656/10240
[vanilla] 433/512 tableids done tableid=433 cuid=8641-8660 completed_cuids=8666/10240
[vanilla] 434/512 tableids done tableid=436 cuid=8701-8720 completed_cuids=8720/10240
[vanilla] 435/512 tableids done tableid=435 cuid=8681-8700 completed_cuids=8727/10240
[vanilla] 436/512 tableids done tableid=434 cuid=8661-8680 completed_cuids=8732/10240
[vanilla] 437/512 tableids done tableid=437 cuid=8721-8740 completed_cuids=8763/10240
[vanilla] 438/512 tableids done tableid=438 cuid=8741-8760 completed_cuids=8802/10240
[vanilla] 439/512 tableids done tableid=439 cuid=8761-8780 completed_cuids=8806/10240
[vanilla] 440/512 tableids done tableid=440 cuid=8781-8800 completed_cuids=8812/10240
[vanilla] 441/512 tableids done tableid=441 cuid=8801-8820 completed_cuids=8840/10240
[vanilla] 442/512 tableids done tableid=442 cuid=8821-8840 completed_cuids=8880/10240
[vanilla] 443/512 tableids done tableid=443 cuid=8841-8860 completed_cuids=8885/10240
[vanilla] 444/512 tableids done tableid=444 cuid=8861-8880 completed_cuids=8892/10240
[vanilla] 445/512 tableids done tableid=445 cuid=8881-8900 completed_cuids=8915/10240
[vanilla] 446/512 tableids done tableid=446 cuid=8901-8920 completed_cuids=8960/10240
[vanilla] 447/512 tableids done tableid=447 cuid=8921-8940 completed_cuids=8964/10240
[vanilla] 448/512 tableids done tableid=448 cuid=8941-8960 completed_cuids=8974/10240
[vanilla] 449/512 tableids done tableid=449 cuid=8961-8980 completed_cuids=8999/10240
[vanilla] 450/512 tableids done tableid=450 cuid=8981-9000 completed_cuids=9039/10240
[vanilla] 451/512 tableids done tableid=451 cuid=9001-9020 completed_cuids=9044/10240
[vanilla] 452/512 tableids done tableid=452 cuid=9021-9040 completed_cuids=9054/10240
[vanilla] 453/512 tableids done tableid=453 cuid=9041-9060 completed_cuids=9076/10240
[vanilla] 454/512 tableids done tableid=454 cuid=9061-9080 completed_cuids=9120/10240
[vanilla] 455/512 tableids done tableid=455 cuid=9081-9100 completed_cuids=9130/10240
[vanilla] 456/512 tableids done tableid=456 cuid=9101-9120 completed_cuids=9143/10240
[vanilla] 457/512 tableids done tableid=457 cuid=9121-9140 completed_cuids=9153/10240
[vanilla] 458/512 tableids done tableid=458 cuid=9141-9160 completed_cuids=9194/10240
[vanilla] 459/512 tableids done tableid=459 cuid=9161-9180 completed_cuids=9206/10240
[vanilla] 460/512 tableids done tableid=460 cuid=9181-9200 completed_cuids=9224/10240
[vanilla] 461/512 tableids done tableid=461 cuid=9201-9220 completed_cuids=9245/10240
[vanilla] 462/512 tableids done tableid=462 cuid=9221-9240 completed_cuids=9272/10240
[vanilla] 463/512 tableids done tableid=464 cuid=9261-9280 completed_cuids=9291/10240
[vanilla] 464/512 tableids done tableid=463 cuid=9241-9260 completed_cuids=9292/10240
[vanilla] 465/512 tableids done tableid=465 cuid=9281-9300 completed_cuids=9327/10240
[vanilla] 466/512 tableids done tableid=466 cuid=9301-9320 completed_cuids=9355/10240
[vanilla] 467/512 tableids done tableid=468 cuid=9341-9360 completed_cuids=9375/10240
[vanilla] 468/512 tableids done tableid=467 cuid=9321-9340 completed_cuids=9384/10240
[vanilla] 469/512 tableids done tableid=469 cuid=9361-9380 completed_cuids=9397/10240
[vanilla] 470/512 tableids done tableid=470 cuid=9381-9400 completed_cuids=9430/10240
[vanilla] 471/512 tableids done tableid=471 cuid=9401-9420 completed_cuids=9457/10240
[vanilla] 472/512 tableids done tableid=472 cuid=9421-9440 completed_cuids=9464/10240
[vanilla] 473/512 tableids done tableid=473 cuid=9441-9460 completed_cuids=9469/10240
[vanilla] 474/512 tableids done tableid=474 cuid=9461-9480 completed_cuids=9508/10240
[vanilla] 475/512 tableids done tableid=475 cuid=9481-9500 completed_cuids=9541/10240
[vanilla] 476/512 tableids done tableid=476 cuid=9501-9520 completed_cuids=9543/10240
[vanilla] 477/512 tableids done tableid=477 cuid=9521-9540 completed_cuids=9558/10240
[vanilla] 478/512 tableids done tableid=478 cuid=9541-9560 completed_cuids=9591/10240
[vanilla] 479/512 tableids done tableid=479 cuid=9561-9580 completed_cuids=9607/10240
[vanilla] 480/512 tableids done tableid=480 cuid=9581-9600 completed_cuids=9619/10240
[vanilla] 481/512 tableids done tableid=481 cuid=9601-9620 completed_cuids=9643/10240
[vanilla] 482/512 tableids done tableid=482 cuid=9621-9640 completed_cuids=9667/10240
[vanilla] 483/512 tableids done tableid=484 cuid=9661-9680 completed_cuids=9686/10240
[vanilla] 484/512 tableids done tableid=483 cuid=9641-9660 completed_cuids=9697/10240
[vanilla] 485/512 tableids done tableid=485 cuid=9681-9700 completed_cuids=9729/10240
[vanilla] 486/512 tableids done tableid=486 cuid=9701-9720 completed_cuids=9747/10240
[vanilla] 487/512 tableids done tableid=487 cuid=9721-9740 completed_cuids=9764/10240
[vanilla] 488/512 tableids done tableid=488 cuid=9741-9760 completed_cuids=9775/10240
[vanilla] 489/512 tableids done tableid=489 cuid=9761-9780 completed_cuids=9812/10240
[vanilla] 490/512 tableids done tableid=490 cuid=9781-9800 completed_cuids=9825/10240
[vanilla] 491/512 tableids done tableid=491 cuid=9801-9820 completed_cuids=9843/10240
[vanilla] 492/512 tableids done tableid=492 cuid=9821-9840 completed_cuids=9857/10240
[vanilla] 493/512 tableids done tableid=493 cuid=9841-9860 completed_cuids=9896/10240
[vanilla] 494/512 tableids done tableid=494 cuid=9861-9880 completed_cuids=9905/10240
[vanilla] 495/512 tableids done tableid=495 cuid=9881-9900 completed_cuids=9921/10240
[vanilla] 496/512 tableids done tableid=496 cuid=9901-9920 completed_cuids=9936/10240
[vanilla] 497/512 tableids done tableid=497 cuid=9921-9940 completed_cuids=9976/10240
[vanilla] 498/512 tableids done tableid=498 cuid=9941-9960 completed_cuids=9987/10240
[vanilla] 499/512 tableids done tableid=499 cuid=9961-9980 completed_cuids=9992/10240
[vanilla] 500/512 tableids done tableid=500 cuid=9981-10000 completed_cuids=10010/10240
[vanilla] 501/512 tableids done tableid=501 cuid=10001-10020 completed_cuids=10059/10240
[vanilla] 502/512 tableids done tableid=502 cuid=10021-10040 completed_cuids=10071/10240
[vanilla] 503/512 tableids done tableid=503 cuid=10041-10060 completed_cuids=10081/10240
[vanilla] 504/512 tableids done tableid=504 cuid=10061-10080 completed_cuids=10095/10240
[vanilla] 505/512 tableids done tableid=505 cuid=10081-10100 completed_cuids=10130/10240
[vanilla] 506/512 tableids done tableid=506 cuid=10101-10120 completed_cuids=10150/10240
[vanilla] 507/512 tableids done tableid=507 cuid=10121-10140 completed_cuids=10164/10240
[vanilla] 508/512 tableids done tableid=508 cuid=10141-10160 completed_cuids=10174/10240
[vanilla] 509/512 tableids done tableid=509 cuid=10161-10180 completed_cuids=10219/10240
[vanilla] 510/512 tableids done tableid=510 cuid=10181-10200 completed_cuids=10233/10240
[vanilla] 511/512 tableids done tableid=511 cuid=10201-10220 completed_cuids=10234/10240
[vanilla] 512/512 tableids done tableid=512 cuid=10221-10240 completed_cuids=10240/10240
[vanilla] db closed
{
  "mode": "vanilla",
  "workload_cf": "default",
  "enable_partition": false,
  "enable_gdct": false,
  "enable_gdct_delete_fast_path": false,
  "enable_gdct_delete_fast_path_skip_duplicate_locks": false,
  "workload_model": "table_active",
  "table_assignment": "contiguous",
  "table_count": 512,
  "non_empty_table_count": 512,
  "cuid_count": 10240,
  "rows_per_cuid": 60000,
  "active_table_count": 4,
  "writer_threads_per_table": 8,
  "update_rows_per_merge": 5000,
  "late_writer_rows_per_merge": 0,
  "update_percent": 80,
  "update_merge_rounds": 5,
  "lifecycle_active_cuid_percent": 50,
  "lifecycle_concurrent_writer_percent": 5,
  "writer_threads": 32,
  "scan_threads": 32,
  "scan_interval_ms": 100,
  "scans_per_cuid": 200,
  "scan_range_rows": 1000,
  "max_background_jobs": 8,
  "max_subcompactions": 1,
  "l0_target_tables_per_partition": 32,
  "l0_split_factor": 1,
  "l0_min_tables_to_split": 16,
  "l0_max_partition_count": 256,
  "total_seconds": 14820.4,
  "writer_seconds": 14820.4,
  "mode_wall_seconds": 14820.6,
  "manual_compact_seconds": 0.0,
  "completed_cuids": 10240,
  "completed_tables": 512,
  "merge_txns": 61440,
  "inserted_rows": 614400000,
  "merge_delete_rows": 4454400000,
  "update_rows": 256000000,
  "logical_write_ops": 5324800000,
  "cuid_per_sec": 0.7,
  "merge_txns_per_sec": 4.1,
  "insert_rows_per_sec": 41456.4,
  "update_rows_per_sec": 17273.5,
  "merge_delete_rows_per_sec": 300559.1,
  "logical_write_ops_per_sec": 359289.1,
  "scan_ops": 2048000,
  "scan_rows": 147629333,
  "get_samples": 1024000,
  "data_errors": 0,
  "insert_put_p50_us": 2.8,
  "insert_put_p95_us": 6.6,
  "insert_put_p99_us": 13.4,
  "update_put_p50_us": 3.1,
  "update_put_p95_us": 12.8,
  "update_put_p99_us": 20.6,
  "merge_txn_p50_us": 4198973.1,
  "merge_txn_p95_us": 8922222.9,
  "merge_txn_p99_us": 13267322.7,
  "merge_prescan_p50_us": 2413800.2,
  "merge_prescan_p95_us": 5875354.8,
  "merge_prescan_p99_us": 6931893.7,
  "scan_seconds": 48358.9,
  "scan_p50_us": 13554.6,
  "scan_p95_us": 81050.5,
  "scan_p99_us": 119115.5,
  "get_p50_us": 65.1,
  "get_p95_us": 134.5,
  "get_p99_us": 195.3,
  "estimate_live_data_size": 121441328737,
  "live_sst_bytes": 129841180397,
  "wal_bytes": 216324332692,
  "flush_write_bytes": 164907292458,
  "compact_read_bytes": 376604978016,
  "compact_write_bytes": 344906007560,
  "flush_time_micros": 17040506616,
  "flush_count": 4802,
  "compaction_time_micros": 27491995581,
  "compaction_count": 1375,
  "subcompaction_setup_micros": 0,
  "subcompaction_setup_count": 0,
  "num_subcompactions_scheduled": 0,
  "gdct_read_visibility_checks": 0,
  "gdct_read_slow_path_checks": 0,
  "gdct_compaction_visibility_checks": 0,
  "gdct_compaction_slow_path_checks": 0,
  "gdct_lookup_row_csn_calls": 0,
  "gdct_lookup_row_csn_failures": 0,
  "gdct_journal_append_batches": 0,
  "gdct_journal_appended_records": 0,
  "gdct_journal_sync_calls": 0,
  "gdct_snapshot_schedule_calls": 0,
  "gdct_snapshot_rotate_calls": 0,
  "gdct_delete_fast_path_rows": 0,
  "gdct_delete_fast_path_markers": 0,
  "gdct_delete_fast_path_cuids": 0,
  "gdct_delete_fast_path_skipped_locks": 0,
  "gdct_intercepted_delete_records": 0,
  "gdct_committed_barriers": 0,
  "gdct_memory_bytes": 0,
  "delta_l0_precompact": {
    "available": false,
    "partition_count": 0,
    "split_count": 0,
    "directory_snapshot_bytes": 0,
    "get_l0_candidate_files_before_prune": 0,
    "get_l0_candidate_files_after_prune": 0,
    "get_l0_candidate_files_pruned": 0,
    "get_l0_candidate_file_prune_pct": 0.0,
    "scan_l0_candidate_files_before_prune": 0,
    "scan_l0_candidate_files_after_prune": 0,
    "scan_l0_candidate_files_pruned": 0,
    "scan_l0_candidate_file_prune_pct": 0.0,
    "legacy_l0_file_count_without_meta": 0,
    "old_parent_l0_file_count": 0,
    "total_partition_observed_table_count": 0,
    "non_empty_partition_count": 0,
    "total_partition_l0_file_count": 0,
    "total_partition_l0_bytes": 0,
    "max_partition_observed_table_count": 0,
    "max_partition_l0_file_count": 0,
    "max_partition_l0_bytes": 0
  },
  "delta_l0_postcompact": {
    "available": false,
    "partition_count": 0,
    "split_count": 0,
    "directory_snapshot_bytes": 0,
    "get_l0_candidate_files_before_prune": 0,
    "get_l0_candidate_files_after_prune": 0,
    "get_l0_candidate_files_pruned": 0,
    "get_l0_candidate_file_prune_pct": 0.0,
    "scan_l0_candidate_files_before_prune": 0,
    "scan_l0_candidate_files_after_prune": 0,
    "scan_l0_candidate_files_pruned": 0,
    "scan_l0_candidate_file_prune_pct": 0.0,
    "legacy_l0_file_count_without_meta": 0,
    "old_parent_l0_file_count": 0,
    "total_partition_observed_table_count": 0,
    "non_empty_partition_count": 0,
    "total_partition_l0_file_count": 0,
    "total_partition_l0_bytes": 0,
    "max_partition_observed_table_count": 0,
    "max_partition_l0_file_count": 0,
    "max_partition_l0_bytes": 0
  }
}
